-- The C compiler identification is GNU 11.4.0
-- The CXX compiler identification is GNU 11.4.0
-- Detecting C compiler ABI info
-- Detecting C compiler ABI info - done
-- Check for working C compiler: /usr/bin/cc - skipped
-- Detecting C compile features
-- Detecting C compile features - done
-- Detecting CXX compiler ABI info
-- Detecting CXX compiler ABI info - done
-- Check for working CXX compiler: /usr/bin/c++ - skipped
-- Detecting CXX compile features
-- Detecting CXX compile features - done
-- Found ament_cmake: 1.3.14 (/opt/ros/humble/share/ament_cmake/cmake)
-- Found Python3: /usr/bin/python3 (found version "3.10.12") found components: Interpreter 
-- Found rclcpp: 16.0.19 (/opt/ros/humble/share/rclcpp/cmake)
-- Found rosidl_generator_c: 3.1.9 (/opt/ros/humble/share/rosidl_generator_c/cmake)
-- Found rosidl_adapter: 3.1.9 (/opt/ros/humble/share/rosidl_adapter/cmake)
-- Found rosidl_generator_cpp: 3.1.9 (/opt/ros/humble/share/rosidl_generator_cpp/cmake)
-- Using all available rosidl_typesupport_c: rosidl_typesupport_fastrtps_c;rosidl_typesupport_introspection_c
-- Using all available rosidl_typesupport_cpp: rosidl_typesupport_fastrtps_cpp;rosidl_typesupport_introspection_cpp
-- Found rmw_implementation_cmake: 6.1.3 (/opt/ros/humble/share/rmw_implementation_cmake/cmake)
-- Found rmw_fastrtps_cpp: 6.2.10 (/opt/ros/humble/share/rmw_fastrtps_cpp/cmake)
-- Found OpenSSL: /usr/lib/aarch64-linux-gnu/libcrypto.so (found version "3.0.2")  
-- Found FastRTPS: /opt/ros/humble/include  
-- Using RMW implementation 'rmw_fastrtps_cpp' as default
-- Looking for pthread.h
-- Looking for pthread.h - found
-- Performing Test CMAKE_HAVE_LIBC_PTHREAD
-- Performing Test CMAKE_HAVE_LIBC_PTHREAD - Success
-- Found Threads: TRUE  
-- Found diagnostic_updater: 4.0.7 (/opt/ros/humble/share/diagnostic_updater/cmake)
-- Found ds10_interfaces: 0.1.0 (/home/nvidia/DS10_Modbus/install/ds10_interfaces/share/ds10_interfaces/cmake)
-- Found ament_lint_auto: 0.12.15 (/opt/ros/humble/share/ament_lint_auto/cmake)
-- Found python_cmake_module: 0.10.0 (/opt/ros/humble/share/python_cmake_module/cmake)
-- Found PythonInterp: /usr/bin/python3 (found suitable version "3.10.12", minimum required is "3.6") 
-- Found PythonLibs: /usr/lib/aarch64-linux-gnu/libpython3.10.so (found suitable version "3.10.12", minimum required is "3.5") 
-- Using PYTHON_EXECUTABLE: /usr/bin/python3
-- Using PYTHON_INCLUDE_DIRS: /usr/include/python3.10
-- Using PYTHON_LIBRARIES: /usr/lib/aarch64-linux-gnu/libpython3.10.so
-- Found PythonExtra: .so  
-- Found gtest sources under '/opt/ros/humble/src/gtest_vendor': C++ tests using 'Google Test' will be built
-- Added test 'copyright' to check source files copyright and LICENSE
-- Added test 'cppcheck' to perform static code analysis on C / C++ code
-- Configured cppcheck include dirs: $<BUILD_INTERFACE:/home/nvidia/DS10_Modbus/src/ds10_driver/include>
-- Configured cppcheck exclude dirs and/or files: 
-- Added test 'cpplint' to check C / C++ code against the Google style
-- Configured cpplint exclude dirs and/or files: 
-- Added test 'flake8' to check Python code syntax and style conventions
-- Added test 'lint_cmake' to check CMake code style
-- Added test 'pep257' to check Python code against some of the docstring style conventions in PEP 257
-- Added test 'uncrustify' to check C / C++ code style
-- Configured uncrustify additional arguments: 
-- Added test 'xmllint' to check XML markup files
-- Configuring done
-- Generating done
-- Build files have been written to: /home/nvidia/DS10_Modbus/build/ds10_driver
[ 33%] Building CXX object gtest/CMakeFiles/gtest_main.dir/src/gtest_main.cc.o
[ 33%] Building CXX object CMakeFiles/ds10_driver_lib.dir/src/modbus_frame_codec.cpp.o
[ 33%] Building CXX object gtest/CMakeFiles/gtest.dir/src/gtest-all.cc.o
[ 33%] Building CXX object CMakeFiles/ds10_driver_lib.dir/src/serial_port.cpp.o
[ 41%] Building CXX object CMakeFiles/ds10_driver_lib.dir/src/ds10_node.cpp.o
[ 50%] Linking CXX static library libgtest_main.a
[ 50%] Built target gtest_main
[ 58%] Linking CXX static library libgtest.a
[ 58%] Built target gtest
[ 66%] Linking CXX shared library libds10_driver_lib.so
[ 66%] Built target ds10_driver_lib
[ 83%] Building CXX object CMakeFiles/ds10_node.dir/src/main.cpp.o
[ 83%] Building CXX object CMakeFiles/test_modbus_frame_codec.dir/test/test_modbus_frame_codec.cpp.o
[ 91%] Linking CXX executable test_modbus_frame_codec
[ 91%] Built target test_modbus_frame_codec
[100%] Linking CXX executable ds10_node
[100%] Built target ds10_node
-- Install configuration: ""
-- Installing: /home/nvidia/DS10_Modbus/install/ds10_driver/lib/libds10_driver_lib.so
-- Set runtime path of "/home/nvidia/DS10_Modbus/install/ds10_driver/lib/libds10_driver_lib.so" to ""
-- Installing: /home/nvidia/DS10_Modbus/install/ds10_driver/lib/ds10_driver/ds10_node
-- Set runtime path of "/home/nvidia/DS10_Modbus/install/ds10_driver/lib/ds10_driver/ds10_node" to ""
-- Installing: /home/nvidia/DS10_Modbus/install/ds10_driver/share/ds10_driver/launch
-- Installing: /home/nvidia/DS10_Modbus/install/ds10_driver/share/ds10_driver/launch/ds10_slave.launch.py
-- Installing: /home/nvidia/DS10_Modbus/install/ds10_driver/share/ds10_driver/launch/ds10_master.launch.py
-- Installing: /home/nvidia/DS10_Modbus/install/ds10_driver/share/ds10_driver/config
-- Installing: /home/nvidia/DS10_Modbus/install/ds10_driver/share/ds10_driver/config/ds10_slave.yaml
-- Installing: /home/nvidia/DS10_Modbus/install/ds10_driver/share/ds10_driver/config/ds10_master.yaml
-- Installing: /home/nvidia/DS10_Modbus/install/ds10_driver/include/
-- Installing: /home/nvidia/DS10_Modbus/install/ds10_driver/include//ds10_driver
-- Installing: /home/nvidia/DS10_Modbus/install/ds10_driver/include//ds10_driver/ds10_node.hpp
-- Installing: /home/nvidia/DS10_Modbus/install/ds10_driver/include//ds10_driver/modbus_frame_codec.hpp
-- Installing: /home/nvidia/DS10_Modbus/install/ds10_driver/include//ds10_driver/serial_port.hpp
-- Installing: /home/nvidia/DS10_Modbus/install/ds10_driver/share/ds10_driver/environment/library_path.sh
-- Installing: /home/nvidia/DS10_Modbus/install/ds10_driver/share/ds10_driver/environment/library_path.dsv
-- Installing: /home/nvidia/DS10_Modbus/install/ds10_driver/share/ament_index/resource_index/package_run_dependencies/ds10_driver
-- Installing: /home/nvidia/DS10_Modbus/install/ds10_driver/share/ament_index/resource_index/parent_prefix_path/ds10_driver
-- Installing: /home/nvidia/DS10_Modbus/install/ds10_driver/share/ds10_driver/environment/ament_prefix_path.sh
-- Installing: /home/nvidia/DS10_Modbus/install/ds10_driver/share/ds10_driver/environment/ament_prefix_path.dsv
-- Installing: /home/nvidia/DS10_Modbus/install/ds10_driver/share/ds10_driver/environment/path.sh
-- Installing: /home/nvidia/DS10_Modbus/install/ds10_driver/share/ds10_driver/environment/path.dsv
-- Installing: /home/nvidia/DS10_Modbus/install/ds10_driver/share/ds10_driver/local_setup.bash
-- Installing: /home/nvidia/DS10_Modbus/install/ds10_driver/share/ds10_driver/local_setup.sh
-- Installing: /home/nvidia/DS10_Modbus/install/ds10_driver/share/ds10_driver/local_setup.zsh
-- Installing: /home/nvidia/DS10_Modbus/install/ds10_driver/share/ds10_driver/local_setup.dsv
-- Installing: /home/nvidia/DS10_Modbus/install/ds10_driver/share/ds10_driver/package.dsv
-- Installing: /home/nvidia/DS10_Modbus/install/ds10_driver/share/ament_index/resource_index/packages/ds10_driver
-- Installing: /home/nvidia/DS10_Modbus/install/ds10_driver/share/ds10_driver/cmake/ament_cmake_export_dependencies-extras.cmake
-- Installing: /home/nvidia/DS10_Modbus/install/ds10_driver/share/ds10_driver/cmake/ament_cmake_export_include_directories-extras.cmake
-- Installing: /home/nvidia/DS10_Modbus/install/ds10_driver/share/ds10_driver/cmake/ament_cmake_export_libraries-extras.cmake
-- Installing: /home/nvidia/DS10_Modbus/install/ds10_driver/share/ds10_driver/cmake/ds10_driverConfig.cmake
-- Installing: /home/nvidia/DS10_Modbus/install/ds10_driver/share/ds10_driver/cmake/ds10_driverConfig-version.cmake
-- Installing: /home/nvidia/DS10_Modbus/install/ds10_driver/share/ds10_driver/package.xml
