[0.013s] Invoking command in '/home/nvidia/DS10_Modbus/build/ds10_driver': AMENT_PREFIX_PATH=/home/nvidia/DS10_Modbus/install/ds10_interfaces:${AMENT_PREFIX_PATH} CMAKE_PREFIX_PATH=/home/nvidia/DS10_Modbus/install/ds10_interfaces:/opt/ros/humble LD_LIBRARY_PATH=/home/nvidia/DS10_Modbus/install/ds10_interfaces/lib:/opt/ros/humble/opt/rviz_ogre_vendor/lib:/opt/ros/humble/lib/aarch64-linux-gnu:/opt/ros/humble/lib:/usr/local/lib:/usr/local/cuda-12.6/lib64 PYTHONPATH=/home/nvidia/DS10_Modbus/install/ds10_interfaces/local/lib/python3.10/dist-packages:${PYTHONPATH} /usr/bin/cmake /home/nvidia/DS10_Modbus/src/ds10_driver -DCMAKE_INSTALL_PREFIX=/home/nvidia/DS10_Modbus/install/ds10_driver
[0.101s] -- The C compiler identification is GNU 11.4.0
[0.193s] -- The CXX compiler identification is GNU 11.4.0
[0.214s] -- Detecting C compiler ABI info
[0.354s] -- Detecting C compiler ABI info - done
[0.379s] -- Check for working C compiler: /usr/bin/cc - skipped
[0.379s] -- Detecting C compile features
[0.381s] -- Detecting C compile features - done
[0.391s] -- Detecting CXX compiler ABI info
[0.556s] -- Detecting CXX compiler ABI info - done
[0.581s] -- Check for working CXX compiler: /usr/bin/c++ - skipped
[0.582s] -- Detecting CXX compile features
[0.583s] -- Detecting CXX compile features - done
[0.592s] -- Found ament_cmake: 1.3.14 (/opt/ros/humble/share/ament_cmake/cmake)
[1.301s] -- Found Python3: /usr/bin/python3 (found version "3.10.12") found components: Interpreter 
[1.511s] -- Found rclcpp: 16.0.19 (/opt/ros/humble/share/rclcpp/cmake)
[1.594s] -- Found rosidl_generator_c: 3.1.9 (/opt/ros/humble/share/rosidl_generator_c/cmake)
[1.602s] -- Found rosidl_adapter: 3.1.9 (/opt/ros/humble/share/rosidl_adapter/cmake)
[1.616s] -- Found rosidl_generator_cpp: 3.1.9 (/opt/ros/humble/share/rosidl_generator_cpp/cmake)
[1.635s] -- Using all available rosidl_typesupport_c: rosidl_typesupport_fastrtps_c;rosidl_typesupport_introspection_c
[1.659s] -- Using all available rosidl_typesupport_cpp: rosidl_typesupport_fastrtps_cpp;rosidl_typesupport_introspection_cpp
[1.727s] -- Found rmw_implementation_cmake: 6.1.3 (/opt/ros/humble/share/rmw_implementation_cmake/cmake)
[1.731s] -- Found rmw_fastrtps_cpp: 6.2.10 (/opt/ros/humble/share/rmw_fastrtps_cpp/cmake)
[1.865s] -- Found OpenSSL: /usr/lib/aarch64-linux-gnu/libcrypto.so (found version "3.0.2")  
[1.919s] -- Found FastRTPS: /opt/ros/humble/include  
[1.991s] -- Using RMW implementation 'rmw_fastrtps_cpp' as default
[2.004s] -- Looking for pthread.h
[2.137s] -- Looking for pthread.h - found
[2.138s] -- Performing Test CMAKE_HAVE_LIBC_PTHREAD
[2.291s] -- Performing Test CMAKE_HAVE_LIBC_PTHREAD - Success
[2.295s] -- Found Threads: TRUE  
[2.423s] -- Found diagnostic_updater: 4.0.7 (/opt/ros/humble/share/diagnostic_updater/cmake)
[2.454s] -- Found ds10_interfaces: 0.1.0 (/home/nvidia/DS10_Modbus/install/ds10_interfaces/share/ds10_interfaces/cmake)
[2.479s] -- Found ament_lint_auto: 0.12.15 (/opt/ros/humble/share/ament_lint_auto/cmake)
[2.678s] -- Found python_cmake_module: 0.10.0 (/opt/ros/humble/share/python_cmake_module/cmake)
[2.721s] -- Found PythonInterp: /usr/bin/python3 (found suitable version "3.10.12", minimum required is "3.6") 
[2.731s] -- Found PythonLibs: /usr/lib/aarch64-linux-gnu/libpython3.10.so (found suitable version "3.10.12", minimum required is "3.5") 
[2.731s] -- Using PYTHON_EXECUTABLE: /usr/bin/python3
[2.731s] -- Using PYTHON_INCLUDE_DIRS: /usr/include/python3.10
[2.731s] -- Using PYTHON_LIBRARIES: /usr/lib/aarch64-linux-gnu/libpython3.10.so
[2.780s] -- Found PythonExtra: .so  
[2.827s] -- Found gtest sources under '/opt/ros/humble/src/gtest_vendor': C++ tests using 'Google Test' will be built
[2.844s] -- Added test 'copyright' to check source files copyright and LICENSE
[2.847s] -- Added test 'cppcheck' to perform static code analysis on C / C++ code
[2.847s] -- Configured cppcheck include dirs: $<BUILD_INTERFACE:/home/nvidia/DS10_Modbus/src/ds10_driver/include>
[2.847s] -- Configured cppcheck exclude dirs and/or files: 
[2.850s] -- Added test 'cpplint' to check C / C++ code against the Google style
[2.850s] -- Configured cpplint exclude dirs and/or files: 
[2.850s] -- Added test 'flake8' to check Python code syntax and style conventions
[2.852s] -- Added test 'lint_cmake' to check CMake code style
[2.853s] -- Added test 'pep257' to check Python code against some of the docstring style conventions in PEP 257
[2.855s] -- Added test 'uncrustify' to check C / C++ code style
[2.855s] -- Configured uncrustify additional arguments: 
[2.856s] -- Added test 'xmllint' to check XML markup files
[2.861s] -- Configuring done
[2.897s] -- Generating done
[2.910s] -- Build files have been written to: /home/nvidia/DS10_Modbus/build/ds10_driver
[2.937s] Invoked command in '/home/nvidia/DS10_Modbus/build/ds10_driver' returned '0': AMENT_PREFIX_PATH=/home/nvidia/DS10_Modbus/install/ds10_interfaces:${AMENT_PREFIX_PATH} CMAKE_PREFIX_PATH=/home/nvidia/DS10_Modbus/install/ds10_interfaces:/opt/ros/humble LD_LIBRARY_PATH=/home/nvidia/DS10_Modbus/install/ds10_interfaces/lib:/opt/ros/humble/opt/rviz_ogre_vendor/lib:/opt/ros/humble/lib/aarch64-linux-gnu:/opt/ros/humble/lib:/usr/local/lib:/usr/local/cuda-12.6/lib64 PYTHONPATH=/home/nvidia/DS10_Modbus/install/ds10_interfaces/local/lib/python3.10/dist-packages:${PYTHONPATH} /usr/bin/cmake /home/nvidia/DS10_Modbus/src/ds10_driver -DCMAKE_INSTALL_PREFIX=/home/nvidia/DS10_Modbus/install/ds10_driver
[2.940s] Invoking command in '/home/nvidia/DS10_Modbus/build/ds10_driver': AMENT_PREFIX_PATH=/home/nvidia/DS10_Modbus/install/ds10_interfaces:${AMENT_PREFIX_PATH} CMAKE_PREFIX_PATH=/home/nvidia/DS10_Modbus/install/ds10_interfaces:/opt/ros/humble LD_LIBRARY_PATH=/home/nvidia/DS10_Modbus/install/ds10_interfaces/lib:/opt/ros/humble/opt/rviz_ogre_vendor/lib:/opt/ros/humble/lib/aarch64-linux-gnu:/opt/ros/humble/lib:/usr/local/lib:/usr/local/cuda-12.6/lib64 PYTHONPATH=/home/nvidia/DS10_Modbus/install/ds10_interfaces/local/lib/python3.10/dist-packages:${PYTHONPATH} /usr/bin/cmake --build /home/nvidia/DS10_Modbus/build/ds10_driver -- -j6 -l6
[3.041s] [ 33%] Building CXX object gtest/CMakeFiles/gtest_main.dir/src/gtest_main.cc.o
[3.041s] [ 33%] Building CXX object CMakeFiles/ds10_driver_lib.dir/src/modbus_frame_codec.cpp.o
[3.041s] [ 33%] Building CXX object gtest/CMakeFiles/gtest.dir/src/gtest-all.cc.o
[3.041s] [ 33%] Building CXX object CMakeFiles/ds10_driver_lib.dir/src/serial_port.cpp.o
[3.042s] [ 41%] Building CXX object CMakeFiles/ds10_driver_lib.dir/src/ds10_node.cpp.o
[4.974s] [ 50%] Linking CXX static library libgtest_main.a
[5.032s] [ 50%] Built target gtest_main
[9.370s] [ 58%] Linking CXX static library libgtest.a
[9.495s] [ 58%] Built target gtest
[20.322s] [ 66%] Linking CXX shared library libds10_driver_lib.so
[21.157s] [ 66%] Built target ds10_driver_lib
[21.195s] [ 83%] Building CXX object CMakeFiles/ds10_node.dir/src/main.cpp.o
[21.196s] [ 83%] Building CXX object CMakeFiles/test_modbus_frame_codec.dir/test/test_modbus_frame_codec.cpp.o
[23.697s] [ 91%] Linking CXX executable test_modbus_frame_codec
[24.238s] [ 91%] Built target test_modbus_frame_codec
[27.310s] [100%] Linking CXX executable ds10_node
[27.714s] [100%] Built target ds10_node
[27.738s] Invoked command in '/home/nvidia/DS10_Modbus/build/ds10_driver' returned '0': AMENT_PREFIX_PATH=/home/nvidia/DS10_Modbus/install/ds10_interfaces:${AMENT_PREFIX_PATH} CMAKE_PREFIX_PATH=/home/nvidia/DS10_Modbus/install/ds10_interfaces:/opt/ros/humble LD_LIBRARY_PATH=/home/nvidia/DS10_Modbus/install/ds10_interfaces/lib:/opt/ros/humble/opt/rviz_ogre_vendor/lib:/opt/ros/humble/lib/aarch64-linux-gnu:/opt/ros/humble/lib:/usr/local/lib:/usr/local/cuda-12.6/lib64 PYTHONPATH=/home/nvidia/DS10_Modbus/install/ds10_interfaces/local/lib/python3.10/dist-packages:${PYTHONPATH} /usr/bin/cmake --build /home/nvidia/DS10_Modbus/build/ds10_driver -- -j6 -l6
[27.741s] Invoking command in '/home/nvidia/DS10_Modbus/build/ds10_driver': AMENT_PREFIX_PATH=/home/nvidia/DS10_Modbus/install/ds10_interfaces:${AMENT_PREFIX_PATH} CMAKE_PREFIX_PATH=/home/nvidia/DS10_Modbus/install/ds10_interfaces:/opt/ros/humble LD_LIBRARY_PATH=/home/nvidia/DS10_Modbus/install/ds10_interfaces/lib:/opt/ros/humble/opt/rviz_ogre_vendor/lib:/opt/ros/humble/lib/aarch64-linux-gnu:/opt/ros/humble/lib:/usr/local/lib:/usr/local/cuda-12.6/lib64 PYTHONPATH=/home/nvidia/DS10_Modbus/install/ds10_interfaces/local/lib/python3.10/dist-packages:${PYTHONPATH} /usr/bin/cmake --install /home/nvidia/DS10_Modbus/build/ds10_driver
[27.759s] -- Install configuration: ""
[27.759s] -- Installing: /home/nvidia/DS10_Modbus/install/ds10_driver/lib/libds10_driver_lib.so
[27.774s] -- Set runtime path of "/home/nvidia/DS10_Modbus/install/ds10_driver/lib/libds10_driver_lib.so" to ""
[27.774s] -- Installing: /home/nvidia/DS10_Modbus/install/ds10_driver/lib/ds10_driver/ds10_node
[27.774s] -- Set runtime path of "/home/nvidia/DS10_Modbus/install/ds10_driver/lib/ds10_driver/ds10_node" to ""
[27.775s] -- Installing: /home/nvidia/DS10_Modbus/install/ds10_driver/share/ds10_driver/launch
[27.775s] -- Installing: /home/nvidia/DS10_Modbus/install/ds10_driver/share/ds10_driver/launch/ds10_slave.launch.py
[27.775s] -- Installing: /home/nvidia/DS10_Modbus/install/ds10_driver/share/ds10_driver/launch/ds10_master.launch.py
[27.775s] -- Installing: /home/nvidia/DS10_Modbus/install/ds10_driver/share/ds10_driver/config
[27.776s] -- Installing: /home/nvidia/DS10_Modbus/install/ds10_driver/share/ds10_driver/config/ds10_slave.yaml
[27.776s] -- Installing: /home/nvidia/DS10_Modbus/install/ds10_driver/share/ds10_driver/config/ds10_master.yaml
[27.776s] -- Installing: /home/nvidia/DS10_Modbus/install/ds10_driver/include/
[27.776s] -- Installing: /home/nvidia/DS10_Modbus/install/ds10_driver/include//ds10_driver
[27.777s] -- Installing: /home/nvidia/DS10_Modbus/install/ds10_driver/include//ds10_driver/ds10_node.hpp
[27.777s] -- Installing: /home/nvidia/DS10_Modbus/install/ds10_driver/include//ds10_driver/modbus_frame_codec.hpp
[27.777s] -- Installing: /home/nvidia/DS10_Modbus/install/ds10_driver/include//ds10_driver/serial_port.hpp
[27.777s] -- Installing: /home/nvidia/DS10_Modbus/install/ds10_driver/share/ds10_driver/environment/library_path.sh
[27.777s] -- Installing: /home/nvidia/DS10_Modbus/install/ds10_driver/share/ds10_driver/environment/library_path.dsv
[27.778s] -- Installing: /home/nvidia/DS10_Modbus/install/ds10_driver/share/ament_index/resource_index/package_run_dependencies/ds10_driver
[27.778s] -- Installing: /home/nvidia/DS10_Modbus/install/ds10_driver/share/ament_index/resource_index/parent_prefix_path/ds10_driver
[27.778s] -- Installing: /home/nvidia/DS10_Modbus/install/ds10_driver/share/ds10_driver/environment/ament_prefix_path.sh
[27.778s] -- Installing: /home/nvidia/DS10_Modbus/install/ds10_driver/share/ds10_driver/environment/ament_prefix_path.dsv
[27.778s] -- Installing: /home/nvidia/DS10_Modbus/install/ds10_driver/share/ds10_driver/environment/path.sh
[27.779s] -- Installing: /home/nvidia/DS10_Modbus/install/ds10_driver/share/ds10_driver/environment/path.dsv
[27.779s] -- Installing: /home/nvidia/DS10_Modbus/install/ds10_driver/share/ds10_driver/local_setup.bash
[27.779s] -- Installing: /home/nvidia/DS10_Modbus/install/ds10_driver/share/ds10_driver/local_setup.sh
[27.779s] -- Installing: /home/nvidia/DS10_Modbus/install/ds10_driver/share/ds10_driver/local_setup.zsh
[27.780s] -- Installing: /home/nvidia/DS10_Modbus/install/ds10_driver/share/ds10_driver/local_setup.dsv
[27.780s] -- Installing: /home/nvidia/DS10_Modbus/install/ds10_driver/share/ds10_driver/package.dsv
[27.780s] -- Installing: /home/nvidia/DS10_Modbus/install/ds10_driver/share/ament_index/resource_index/packages/ds10_driver
[27.780s] -- Installing: /home/nvidia/DS10_Modbus/install/ds10_driver/share/ds10_driver/cmake/ament_cmake_export_dependencies-extras.cmake
[27.781s] -- Installing: /home/nvidia/DS10_Modbus/install/ds10_driver/share/ds10_driver/cmake/ament_cmake_export_include_directories-extras.cmake
[27.781s] -- Installing: /home/nvidia/DS10_Modbus/install/ds10_driver/share/ds10_driver/cmake/ament_cmake_export_libraries-extras.cmake
[27.781s] -- Installing: /home/nvidia/DS10_Modbus/install/ds10_driver/share/ds10_driver/cmake/ds10_driverConfig.cmake
[27.781s] -- Installing: /home/nvidia/DS10_Modbus/install/ds10_driver/share/ds10_driver/cmake/ds10_driverConfig-version.cmake
[27.782s] -- Installing: /home/nvidia/DS10_Modbus/install/ds10_driver/share/ds10_driver/package.xml
[27.787s] Invoked command in '/home/nvidia/DS10_Modbus/build/ds10_driver' returned '0': AMENT_PREFIX_PATH=/home/nvidia/DS10_Modbus/install/ds10_interfaces:${AMENT_PREFIX_PATH} CMAKE_PREFIX_PATH=/home/nvidia/DS10_Modbus/install/ds10_interfaces:/opt/ros/humble LD_LIBRARY_PATH=/home/nvidia/DS10_Modbus/install/ds10_interfaces/lib:/opt/ros/humble/opt/rviz_ogre_vendor/lib:/opt/ros/humble/lib/aarch64-linux-gnu:/opt/ros/humble/lib:/usr/local/lib:/usr/local/cuda-12.6/lib64 PYTHONPATH=/home/nvidia/DS10_Modbus/install/ds10_interfaces/local/lib/python3.10/dist-packages:${PYTHONPATH} /usr/bin/cmake --install /home/nvidia/DS10_Modbus/build/ds10_driver
