[0.015s] Invoking command in '/home/nvidia/DS10_Modbus/build/ds10_interfaces': CMAKE_PREFIX_PATH=/opt/ros/humble /usr/bin/cmake /home/nvidia/DS10_Modbus/src/ds10_interfaces -DCMAKE_INSTALL_PREFIX=/home/nvidia/DS10_Modbus/install/ds10_interfaces
[0.114s] -- The C compiler identification is GNU 11.4.0
[0.228s] -- The CXX compiler identification is GNU 11.4.0
[0.248s] -- Detecting C compiler ABI info
[0.391s] -- Detecting C compiler ABI info - done
[0.402s] -- Check for working C compiler: /usr/bin/cc - skipped
[0.402s] -- Detecting C compile features
[0.402s] -- Detecting C compile features - done
[0.407s] -- Detecting CXX compiler ABI info
[0.548s] -- Detecting CXX compiler ABI info - done
[0.573s] -- Check for working CXX compiler: /usr/bin/c++ - skipped
[0.574s] -- Detecting CXX compile features
[0.575s] -- Detecting CXX compile features - done
[0.583s] -- Found ament_cmake: 1.3.14 (/opt/ros/humble/share/ament_cmake/cmake)
[1.276s] -- Found Python3: /usr/bin/python3 (found version "3.10.12") found components: Interpreter 
[1.471s] -- Found rosidl_default_generators: 1.2.1 (/opt/ros/humble/share/rosidl_default_generators/cmake)
[1.479s] -- Using all available rosidl_typesupport_c: rosidl_typesupport_fastrtps_c;rosidl_typesupport_introspection_c
[1.495s] -- Found rosidl_adapter: 3.1.9 (/opt/ros/humble/share/rosidl_adapter/cmake)
[1.566s] -- Using all available rosidl_typesupport_cpp: rosidl_typesupport_fastrtps_cpp;rosidl_typesupport_introspection_cpp
[1.622s] -- Found std_msgs: 4.9.2 (/opt/ros/humble/share/std_msgs/cmake)
[2.259s] -- Found ament_cmake_ros: 0.10.0 (/opt/ros/humble/share/ament_cmake_ros/cmake)
[2.790s] -- Using all available rosidl_typesupport_c: rosidl_typesupport_fastrtps_c;rosidl_typesupport_introspection_c
[3.492s] -- Using all available rosidl_typesupport_cpp: rosidl_typesupport_fastrtps_cpp;rosidl_typesupport_introspection_cpp
[3.546s] -- Found PythonInterp: /usr/bin/python3 (found suitable version "3.10.12", minimum required is "3.6") 
[3.550s] -- Found python_cmake_module: 0.10.0 (/opt/ros/humble/share/python_cmake_module/cmake)
[3.615s] -- Found PythonLibs: /usr/lib/aarch64-linux-gnu/libpython3.10.so (found suitable version "3.10.12", minimum required is "3.5") 
[3.615s] -- Using PYTHON_EXECUTABLE: /usr/bin/python3
[3.615s] -- Using PYTHON_INCLUDE_DIRS: /usr/include/python3.10
[3.615s] -- Using PYTHON_LIBRARIES: /usr/lib/aarch64-linux-gnu/libpython3.10.so
[3.664s] -- Found PythonExtra: .so  
[4.024s] -- Using numpy include directory: /usr/local/lib/python3.10/dist-packages/numpy/core/include
[4.250s] -- Configuring done
[4.330s] -- Generating done
[4.351s] -- Build files have been written to: /home/nvidia/DS10_Modbus/build/ds10_interfaces
[4.369s] Invoked command in '/home/nvidia/DS10_Modbus/build/ds10_interfaces' returned '0': CMAKE_PREFIX_PATH=/opt/ros/humble /usr/bin/cmake /home/nvidia/DS10_Modbus/src/ds10_interfaces -DCMAKE_INSTALL_PREFIX=/home/nvidia/DS10_Modbus/install/ds10_interfaces
[4.372s] Invoking command in '/home/nvidia/DS10_Modbus/build/ds10_interfaces': CMAKE_PREFIX_PATH=/opt/ros/humble /usr/bin/cmake --build /home/nvidia/DS10_Modbus/build/ds10_interfaces -- -j6 -l6
[4.456s] [  3%] Generating C code for ROS interfaces
[4.473s] [  6%] Generating Rust code for ROS interfaces
[4.474s] [  9%] Generating C++ code for ROS interfaces
[4.491s] [  9%] Built target ament_cmake_python_copy_ds10_interfaces
[4.871s] running egg_info
[4.874s] creating ds10_interfaces.egg-info
[4.905s] writing ds10_interfaces.egg-info/PKG-INFO
[4.906s] writing dependency_links to ds10_interfaces.egg-info/dependency_links.txt
[4.907s] writing top-level names to ds10_interfaces.egg-info/top_level.txt
[4.907s] writing manifest file 'ds10_interfaces.egg-info/SOURCES.txt'
[5.001s] reading manifest file 'ds10_interfaces.egg-info/SOURCES.txt'
[5.003s] writing manifest file 'ds10_interfaces.egg-info/SOURCES.txt'
[5.076s] [  9%] Built target ament_cmake_python_build_ds10_interfaces_egg
[5.082s] [  9%] Built target ds10_interfaces__rs
[5.118s] [  9%] Built target ds10_interfaces__cpp
[5.132s] [ 12%] Building C object CMakeFiles/ds10_interfaces__rosidl_generator_c.dir/rosidl_generator_c/ds10_interfaces/msg/detail/frame__functions.c.o
[5.135s] [ 18%] Generating C++ introspection for ROS interfaces
[5.135s] [ 18%] Generating C++ type support for eProsima Fast-RTPS
[5.136s] [ 21%] Generating C++ type support dispatch for ROS interfaces
[5.228s] [ 25%] Linking C shared library libds10_interfaces__rosidl_generator_c.so
[5.298s] [ 25%] Built target ds10_interfaces__rosidl_generator_c
[5.318s] [ 31%] Generating C type support for eProsima Fast-RTPS
[5.318s] [ 31%] Generating C type support dispatch for ROS interfaces
[5.345s] [ 34%] Generating C introspection for ROS interfaces
[5.817s] [ 37%] Building CXX object CMakeFiles/ds10_interfaces__rosidl_typesupport_introspection_cpp.dir/rosidl_typesupport_introspection_cpp/ds10_interfaces/msg/detail/frame__type_support.cpp.o
[5.835s] [ 40%] Building CXX object CMakeFiles/ds10_interfaces__rosidl_typesupport_fastrtps_cpp.dir/rosidl_typesupport_fastrtps_cpp/ds10_interfaces/msg/detail/dds_fastrtps/frame__type_support.cpp.o
[5.873s] [ 43%] Building CXX object CMakeFiles/ds10_interfaces__rosidl_typesupport_cpp.dir/rosidl_typesupport_cpp/ds10_interfaces/msg/frame__type_support.cpp.o
[5.913s] [ 46%] Building CXX object CMakeFiles/ds10_interfaces__rosidl_typesupport_c.dir/rosidl_typesupport_c/ds10_interfaces/msg/frame__type_support.cpp.o
[6.002s] [ 50%] Linking CXX shared library libds10_interfaces__rosidl_typesupport_c.so
[6.074s] [ 53%] Building CXX object CMakeFiles/ds10_interfaces__rosidl_typesupport_fastrtps_c.dir/rosidl_typesupport_fastrtps_c/ds10_interfaces/msg/detail/frame__type_support_c.cpp.o
[6.093s] [ 53%] Built target ds10_interfaces__rosidl_typesupport_c
[6.144s] [ 56%] Building C object CMakeFiles/ds10_interfaces__rosidl_typesupport_introspection_c.dir/rosidl_typesupport_introspection_c/ds10_interfaces/msg/detail/frame__type_support.c.o
[6.226s] [ 59%] Linking C shared library libds10_interfaces__rosidl_typesupport_introspection_c.so
[6.290s] [ 59%] Built target ds10_interfaces__rosidl_typesupport_introspection_c
[6.442s] [ 62%] Linking CXX shared library libds10_interfaces__rosidl_typesupport_cpp.so
[6.519s] [ 62%] Built target ds10_interfaces__rosidl_typesupport_cpp
[6.700s] [ 65%] Linking CXX shared library libds10_interfaces__rosidl_typesupport_introspection_cpp.so
[6.740s] [ 68%] Linking CXX shared library libds10_interfaces__rosidl_typesupport_fastrtps_cpp.so
[6.761s] [ 71%] Linking CXX shared library libds10_interfaces__rosidl_typesupport_fastrtps_c.so
[6.854s] [ 71%] Built target ds10_interfaces__rosidl_typesupport_introspection_cpp
[6.895s] [ 71%] Built target ds10_interfaces__rosidl_typesupport_fastrtps_cpp
[6.929s] [ 71%] Built target ds10_interfaces__rosidl_typesupport_fastrtps_c
[6.964s] [ 71%] Built target ds10_interfaces
[7.001s] [ 75%] Generating Python code for ROS interfaces
[7.795s] [ 75%] Built target ds10_interfaces__py
[7.833s] [ 78%] Building C object CMakeFiles/ds10_interfaces__rosidl_generator_py.dir/rosidl_generator_py/ds10_interfaces/msg/_frame_s.c.o
[8.033s] [ 81%] Linking C shared library rosidl_generator_py/ds10_interfaces/libds10_interfaces__rosidl_generator_py.so
[8.113s] [ 81%] Built target ds10_interfaces__rosidl_generator_py
[8.151s] [ 87%] Building C object CMakeFiles/ds10_interfaces__rosidl_typesupport_c__pyext.dir/rosidl_generator_py/ds10_interfaces/_ds10_interfaces_s.ep.rosidl_typesupport_c.c.o
[8.151s] [ 87%] Building C object CMakeFiles/ds10_interfaces__rosidl_typesupport_fastrtps_c__pyext.dir/rosidl_generator_py/ds10_interfaces/_ds10_interfaces_s.ep.rosidl_typesupport_fastrtps_c.c.o
[8.155s] [ 90%] Building C object CMakeFiles/ds10_interfaces__rosidl_typesupport_introspection_c__pyext.dir/rosidl_generator_py/ds10_interfaces/_ds10_interfaces_s.ep.rosidl_typesupport_introspection_c.c.o
[8.330s] [ 96%] Linking C shared library rosidl_generator_py/ds10_interfaces/ds10_interfaces_s__rosidl_typesupport_c.cpython-310-aarch64-linux-gnu.so
[8.330s] [ 96%] Linking C shared library rosidl_generator_py/ds10_interfaces/ds10_interfaces_s__rosidl_typesupport_fastrtps_c.cpython-310-aarch64-linux-gnu.so
[8.345s] [100%] Linking C shared library rosidl_generator_py/ds10_interfaces/ds10_interfaces_s__rosidl_typesupport_introspection_c.cpython-310-aarch64-linux-gnu.so
[8.400s] [100%] Built target ds10_interfaces__rosidl_typesupport_fastrtps_c__pyext
[8.400s] [100%] Built target ds10_interfaces__rosidl_typesupport_c__pyext
[8.418s] [100%] Built target ds10_interfaces__rosidl_typesupport_introspection_c__pyext
[8.440s] Invoked command in '/home/nvidia/DS10_Modbus/build/ds10_interfaces' returned '0': CMAKE_PREFIX_PATH=/opt/ros/humble /usr/bin/cmake --build /home/nvidia/DS10_Modbus/build/ds10_interfaces -- -j6 -l6
[8.458s] Invoking command in '/home/nvidia/DS10_Modbus/build/ds10_interfaces': CMAKE_PREFIX_PATH=/opt/ros/humble /usr/bin/cmake --install /home/nvidia/DS10_Modbus/build/ds10_interfaces
[8.473s] -- Install configuration: ""
[8.474s] -- Installing: /home/nvidia/DS10_Modbus/install/ds10_interfaces/share/ament_index/resource_index/rosidl_interfaces/ds10_interfaces
[8.474s] -- Installing: /home/nvidia/DS10_Modbus/install/ds10_interfaces/include/ds10_interfaces/ds10_interfaces
[8.474s] -- Installing: /home/nvidia/DS10_Modbus/install/ds10_interfaces/include/ds10_interfaces/ds10_interfaces/msg
[8.474s] -- Installing: /home/nvidia/DS10_Modbus/install/ds10_interfaces/include/ds10_interfaces/ds10_interfaces/msg/frame.h
[8.474s] -- Installing: /home/nvidia/DS10_Modbus/install/ds10_interfaces/include/ds10_interfaces/ds10_interfaces/msg/detail
[8.475s] -- Installing: /home/nvidia/DS10_Modbus/install/ds10_interfaces/include/ds10_interfaces/ds10_interfaces/msg/detail/frame__type_support.h
[8.475s] -- Installing: /home/nvidia/DS10_Modbus/install/ds10_interfaces/include/ds10_interfaces/ds10_interfaces/msg/detail/frame__functions.c
[8.475s] -- Installing: /home/nvidia/DS10_Modbus/install/ds10_interfaces/include/ds10_interfaces/ds10_interfaces/msg/detail/frame__functions.h
[8.475s] -- Installing: /home/nvidia/DS10_Modbus/install/ds10_interfaces/include/ds10_interfaces/ds10_interfaces/msg/detail/frame__struct.h
[8.475s] -- Installing: /home/nvidia/DS10_Modbus/install/ds10_interfaces/include/ds10_interfaces/ds10_interfaces/msg/rosidl_generator_c__visibility_control.h
[8.476s] -- Installing: /home/nvidia/DS10_Modbus/install/ds10_interfaces/share/ds10_interfaces/environment/library_path.sh
[8.476s] -- Installing: /home/nvidia/DS10_Modbus/install/ds10_interfaces/share/ds10_interfaces/environment/library_path.dsv
[8.476s] -- Installing: /home/nvidia/DS10_Modbus/install/ds10_interfaces/lib/libds10_interfaces__rosidl_generator_c.so
[8.477s] -- Set runtime path of "/home/nvidia/DS10_Modbus/install/ds10_interfaces/lib/libds10_interfaces__rosidl_generator_c.so" to ""
[8.477s] -- Up-to-date: /home/nvidia/DS10_Modbus/install/ds10_interfaces/include/ds10_interfaces/ds10_interfaces
[8.477s] -- Up-to-date: /home/nvidia/DS10_Modbus/install/ds10_interfaces/include/ds10_interfaces/ds10_interfaces/msg
[8.477s] -- Up-to-date: /home/nvidia/DS10_Modbus/install/ds10_interfaces/include/ds10_interfaces/ds10_interfaces/msg/detail
[8.477s] -- Installing: /home/nvidia/DS10_Modbus/install/ds10_interfaces/include/ds10_interfaces/ds10_interfaces/msg/detail/frame__rosidl_typesupport_fastrtps_c.h
[8.478s] -- Installing: /home/nvidia/DS10_Modbus/install/ds10_interfaces/include/ds10_interfaces/ds10_interfaces/msg/rosidl_typesupport_fastrtps_c__visibility_control.h
[8.478s] -- Installing: /home/nvidia/DS10_Modbus/install/ds10_interfaces/lib/libds10_interfaces__rosidl_typesupport_fastrtps_c.so
[8.478s] -- Set runtime path of "/home/nvidia/DS10_Modbus/install/ds10_interfaces/lib/libds10_interfaces__rosidl_typesupport_fastrtps_c.so" to ""
[8.478s] -- Up-to-date: /home/nvidia/DS10_Modbus/install/ds10_interfaces/include/ds10_interfaces/ds10_interfaces
[8.478s] -- Up-to-date: /home/nvidia/DS10_Modbus/install/ds10_interfaces/include/ds10_interfaces/ds10_interfaces/msg
[8.479s] -- Installing: /home/nvidia/DS10_Modbus/install/ds10_interfaces/include/ds10_interfaces/ds10_interfaces/msg/rosidl_typesupport_introspection_c__visibility_control.h
[8.479s] -- Up-to-date: /home/nvidia/DS10_Modbus/install/ds10_interfaces/include/ds10_interfaces/ds10_interfaces/msg/detail
[8.479s] -- Installing: /home/nvidia/DS10_Modbus/install/ds10_interfaces/include/ds10_interfaces/ds10_interfaces/msg/detail/frame__rosidl_typesupport_introspection_c.h
[8.479s] -- Installing: /home/nvidia/DS10_Modbus/install/ds10_interfaces/include/ds10_interfaces/ds10_interfaces/msg/detail/frame__type_support.c
[8.479s] -- Installing: /home/nvidia/DS10_Modbus/install/ds10_interfaces/lib/libds10_interfaces__rosidl_typesupport_introspection_c.so
[8.480s] -- Set runtime path of "/home/nvidia/DS10_Modbus/install/ds10_interfaces/lib/libds10_interfaces__rosidl_typesupport_introspection_c.so" to ""
[8.480s] -- Installing: /home/nvidia/DS10_Modbus/install/ds10_interfaces/lib/libds10_interfaces__rosidl_typesupport_c.so
[8.480s] -- Set runtime path of "/home/nvidia/DS10_Modbus/install/ds10_interfaces/lib/libds10_interfaces__rosidl_typesupport_c.so" to ""
[8.480s] -- Up-to-date: /home/nvidia/DS10_Modbus/install/ds10_interfaces/include/ds10_interfaces/ds10_interfaces
[8.480s] -- Up-to-date: /home/nvidia/DS10_Modbus/install/ds10_interfaces/include/ds10_interfaces/ds10_interfaces/msg
[8.481s] -- Up-to-date: /home/nvidia/DS10_Modbus/install/ds10_interfaces/include/ds10_interfaces/ds10_interfaces/msg/detail
[8.481s] -- Installing: /home/nvidia/DS10_Modbus/install/ds10_interfaces/include/ds10_interfaces/ds10_interfaces/msg/detail/frame__traits.hpp
[8.481s] -- Installing: /home/nvidia/DS10_Modbus/install/ds10_interfaces/include/ds10_interfaces/ds10_interfaces/msg/detail/frame__type_support.hpp
[8.481s] -- Installing: /home/nvidia/DS10_Modbus/install/ds10_interfaces/include/ds10_interfaces/ds10_interfaces/msg/detail/frame__struct.hpp
[8.481s] -- Installing: /home/nvidia/DS10_Modbus/install/ds10_interfaces/include/ds10_interfaces/ds10_interfaces/msg/detail/frame__builder.hpp
[8.482s] -- Installing: /home/nvidia/DS10_Modbus/install/ds10_interfaces/include/ds10_interfaces/ds10_interfaces/msg/frame.hpp
[8.482s] -- Installing: /home/nvidia/DS10_Modbus/install/ds10_interfaces/include/ds10_interfaces/ds10_interfaces/msg/rosidl_generator_cpp__visibility_control.hpp
[8.482s] -- Up-to-date: /home/nvidia/DS10_Modbus/install/ds10_interfaces/include/ds10_interfaces/ds10_interfaces
[8.482s] -- Up-to-date: /home/nvidia/DS10_Modbus/install/ds10_interfaces/include/ds10_interfaces/ds10_interfaces/msg
[8.482s] -- Up-to-date: /home/nvidia/DS10_Modbus/install/ds10_interfaces/include/ds10_interfaces/ds10_interfaces/msg/detail
[8.482s] -- Installing: /home/nvidia/DS10_Modbus/install/ds10_interfaces/include/ds10_interfaces/ds10_interfaces/msg/detail/frame__rosidl_typesupport_fastrtps_cpp.hpp
[8.482s] -- Installing: /home/nvidia/DS10_Modbus/install/ds10_interfaces/include/ds10_interfaces/ds10_interfaces/msg/detail/dds_fastrtps
[8.482s] -- Installing: /home/nvidia/DS10_Modbus/install/ds10_interfaces/include/ds10_interfaces/ds10_interfaces/msg/rosidl_typesupport_fastrtps_cpp__visibility_control.h
[8.483s] -- Installing: /home/nvidia/DS10_Modbus/install/ds10_interfaces/lib/libds10_interfaces__rosidl_typesupport_fastrtps_cpp.so
[8.483s] -- Set runtime path of "/home/nvidia/DS10_Modbus/install/ds10_interfaces/lib/libds10_interfaces__rosidl_typesupport_fastrtps_cpp.so" to ""
[8.483s] -- Up-to-date: /home/nvidia/DS10_Modbus/install/ds10_interfaces/include/ds10_interfaces/ds10_interfaces
[8.483s] -- Up-to-date: /home/nvidia/DS10_Modbus/install/ds10_interfaces/include/ds10_interfaces/ds10_interfaces/msg
[8.483s] -- Up-to-date: /home/nvidia/DS10_Modbus/install/ds10_interfaces/include/ds10_interfaces/ds10_interfaces/msg/detail
[8.483s] -- Installing: /home/nvidia/DS10_Modbus/install/ds10_interfaces/include/ds10_interfaces/ds10_interfaces/msg/detail/frame__type_support.cpp
[8.484s] -- Installing: /home/nvidia/DS10_Modbus/install/ds10_interfaces/include/ds10_interfaces/ds10_interfaces/msg/detail/frame__rosidl_typesupport_introspection_cpp.hpp
[8.484s] -- Installing: /home/nvidia/DS10_Modbus/install/ds10_interfaces/lib/libds10_interfaces__rosidl_typesupport_introspection_cpp.so
[8.484s] -- Set runtime path of "/home/nvidia/DS10_Modbus/install/ds10_interfaces/lib/libds10_interfaces__rosidl_typesupport_introspection_cpp.so" to ""
[8.484s] -- Installing: /home/nvidia/DS10_Modbus/install/ds10_interfaces/lib/libds10_interfaces__rosidl_typesupport_cpp.so
[8.484s] -- Set runtime path of "/home/nvidia/DS10_Modbus/install/ds10_interfaces/lib/libds10_interfaces__rosidl_typesupport_cpp.so" to ""
[8.485s] -- Installing: /home/nvidia/DS10_Modbus/install/ds10_interfaces/share/ds10_interfaces/environment/pythonpath.sh
[8.485s] -- Installing: /home/nvidia/DS10_Modbus/install/ds10_interfaces/share/ds10_interfaces/environment/pythonpath.dsv
[8.485s] -- Installing: /home/nvidia/DS10_Modbus/install/ds10_interfaces/local/lib/python3.10/dist-packages/ds10_interfaces-0.1.0-py3.10.egg-info
[8.485s] -- Installing: /home/nvidia/DS10_Modbus/install/ds10_interfaces/local/lib/python3.10/dist-packages/ds10_interfaces-0.1.0-py3.10.egg-info/dependency_links.txt
[8.485s] -- Installing: /home/nvidia/DS10_Modbus/install/ds10_interfaces/local/lib/python3.10/dist-packages/ds10_interfaces-0.1.0-py3.10.egg-info/PKG-INFO
[8.485s] -- Installing: /home/nvidia/DS10_Modbus/install/ds10_interfaces/local/lib/python3.10/dist-packages/ds10_interfaces-0.1.0-py3.10.egg-info/top_level.txt
[8.486s] -- Installing: /home/nvidia/DS10_Modbus/install/ds10_interfaces/local/lib/python3.10/dist-packages/ds10_interfaces-0.1.0-py3.10.egg-info/SOURCES.txt
[8.486s] -- Installing: /home/nvidia/DS10_Modbus/install/ds10_interfaces/local/lib/python3.10/dist-packages/ds10_interfaces
[8.486s] -- Installing: /home/nvidia/DS10_Modbus/install/ds10_interfaces/local/lib/python3.10/dist-packages/ds10_interfaces/_ds10_interfaces_s.ep.rosidl_typesupport_introspection_c.c
[8.486s] -- Installing: /home/nvidia/DS10_Modbus/install/ds10_interfaces/local/lib/python3.10/dist-packages/ds10_interfaces/_ds10_interfaces_s.ep.rosidl_typesupport_c.c
[8.486s] -- Installing: /home/nvidia/DS10_Modbus/install/ds10_interfaces/local/lib/python3.10/dist-packages/ds10_interfaces/__init__.py
[8.487s] -- Installing: /home/nvidia/DS10_Modbus/install/ds10_interfaces/local/lib/python3.10/dist-packages/ds10_interfaces/libds10_interfaces__rosidl_generator_py.so
[8.487s] -- Installing: /home/nvidia/DS10_Modbus/install/ds10_interfaces/local/lib/python3.10/dist-packages/ds10_interfaces/ds10_interfaces_s__rosidl_typesupport_c.cpython-310-aarch64-linux-gnu.so
[8.487s] -- Installing: /home/nvidia/DS10_Modbus/install/ds10_interfaces/local/lib/python3.10/dist-packages/ds10_interfaces/ds10_interfaces_s__rosidl_typesupport_fastrtps_c.cpython-310-aarch64-linux-gnu.so
[8.487s] -- Installing: /home/nvidia/DS10_Modbus/install/ds10_interfaces/local/lib/python3.10/dist-packages/ds10_interfaces/ds10_interfaces_s__rosidl_typesupport_introspection_c.cpython-310-aarch64-linux-gnu.so
[8.487s] -- Installing: /home/nvidia/DS10_Modbus/install/ds10_interfaces/local/lib/python3.10/dist-packages/ds10_interfaces/msg
[8.488s] -- Installing: /home/nvidia/DS10_Modbus/install/ds10_interfaces/local/lib/python3.10/dist-packages/ds10_interfaces/msg/_frame_s.c
[8.488s] -- Installing: /home/nvidia/DS10_Modbus/install/ds10_interfaces/local/lib/python3.10/dist-packages/ds10_interfaces/msg/__init__.py
[8.488s] -- Installing: /home/nvidia/DS10_Modbus/install/ds10_interfaces/local/lib/python3.10/dist-packages/ds10_interfaces/msg/_frame.py
[8.488s] -- Installing: /home/nvidia/DS10_Modbus/install/ds10_interfaces/local/lib/python3.10/dist-packages/ds10_interfaces/_ds10_interfaces_s.ep.rosidl_typesupport_fastrtps_c.c
[8.553s] Listing '/home/nvidia/DS10_Modbus/install/ds10_interfaces/local/lib/python3.10/dist-packages/ds10_interfaces'...
[8.553s] Compiling '/home/nvidia/DS10_Modbus/install/ds10_interfaces/local/lib/python3.10/dist-packages/ds10_interfaces/__init__.py'...
[8.553s] Listing '/home/nvidia/DS10_Modbus/install/ds10_interfaces/local/lib/python3.10/dist-packages/ds10_interfaces/msg'...
[8.554s] Compiling '/home/nvidia/DS10_Modbus/install/ds10_interfaces/local/lib/python3.10/dist-packages/ds10_interfaces/msg/__init__.py'...
[8.554s] Compiling '/home/nvidia/DS10_Modbus/install/ds10_interfaces/local/lib/python3.10/dist-packages/ds10_interfaces/msg/_frame.py'...
[8.565s] -- Installing: /home/nvidia/DS10_Modbus/install/ds10_interfaces/local/lib/python3.10/dist-packages/ds10_interfaces/ds10_interfaces_s__rosidl_typesupport_fastrtps_c.cpython-310-aarch64-linux-gnu.so
[8.565s] -- Set runtime path of "/home/nvidia/DS10_Modbus/install/ds10_interfaces/local/lib/python3.10/dist-packages/ds10_interfaces/ds10_interfaces_s__rosidl_typesupport_fastrtps_c.cpython-310-aarch64-linux-gnu.so" to ""
[8.566s] -- Installing: /home/nvidia/DS10_Modbus/install/ds10_interfaces/local/lib/python3.10/dist-packages/ds10_interfaces/ds10_interfaces_s__rosidl_typesupport_introspection_c.cpython-310-aarch64-linux-gnu.so
[8.566s] -- Set runtime path of "/home/nvidia/DS10_Modbus/install/ds10_interfaces/local/lib/python3.10/dist-packages/ds10_interfaces/ds10_interfaces_s__rosidl_typesupport_introspection_c.cpython-310-aarch64-linux-gnu.so" to ""
[8.566s] -- Installing: /home/nvidia/DS10_Modbus/install/ds10_interfaces/local/lib/python3.10/dist-packages/ds10_interfaces/ds10_interfaces_s__rosidl_typesupport_c.cpython-310-aarch64-linux-gnu.so
[8.567s] -- Set runtime path of "/home/nvidia/DS10_Modbus/install/ds10_interfaces/local/lib/python3.10/dist-packages/ds10_interfaces/ds10_interfaces_s__rosidl_typesupport_c.cpython-310-aarch64-linux-gnu.so" to ""
[8.567s] -- Installing: /home/nvidia/DS10_Modbus/install/ds10_interfaces/lib/libds10_interfaces__rosidl_generator_py.so
[8.568s] -- Set runtime path of "/home/nvidia/DS10_Modbus/install/ds10_interfaces/lib/libds10_interfaces__rosidl_generator_py.so" to ""
[8.568s] -- Installing: /home/nvidia/DS10_Modbus/install/ds10_interfaces/share/ament_index/resource_index/rust_packages/ds10_interfaces
[8.568s] -- Installing: /home/nvidia/DS10_Modbus/install/ds10_interfaces/share/ds10_interfaces/rust
[8.569s] -- Installing: /home/nvidia/DS10_Modbus/install/ds10_interfaces/share/ds10_interfaces/rust/Cargo.toml
[8.569s] -- Installing: /home/nvidia/DS10_Modbus/install/ds10_interfaces/share/ds10_interfaces/rust/src
[8.569s] -- Installing: /home/nvidia/DS10_Modbus/install/ds10_interfaces/share/ds10_interfaces/rust/src/msg.rs
[8.569s] -- Installing: /home/nvidia/DS10_Modbus/install/ds10_interfaces/share/ds10_interfaces/rust/src/lib.rs
[8.570s] -- Installing: /home/nvidia/DS10_Modbus/install/ds10_interfaces/share/ds10_interfaces/rust/src/msg
[8.570s] -- Installing: /home/nvidia/DS10_Modbus/install/ds10_interfaces/share/ds10_interfaces/rust/src/msg/rmw.rs
[8.570s] -- Installing: /home/nvidia/DS10_Modbus/install/ds10_interfaces/share/ds10_interfaces/rust/build.rs
[8.570s] -- Installing: /home/nvidia/DS10_Modbus/install/ds10_interfaces/share/ds10_interfaces/msg/Frame.idl
[8.570s] -- Installing: /home/nvidia/DS10_Modbus/install/ds10_interfaces/share/ds10_interfaces/msg/Frame.msg
[8.570s] -- Installing: /home/nvidia/DS10_Modbus/install/ds10_interfaces/share/ament_index/resource_index/package_run_dependencies/ds10_interfaces
[8.571s] -- Installing: /home/nvidia/DS10_Modbus/install/ds10_interfaces/share/ament_index/resource_index/parent_prefix_path/ds10_interfaces
[8.571s] -- Installing: /home/nvidia/DS10_Modbus/install/ds10_interfaces/share/ds10_interfaces/environment/ament_prefix_path.sh
[8.571s] -- Installing: /home/nvidia/DS10_Modbus/install/ds10_interfaces/share/ds10_interfaces/environment/ament_prefix_path.dsv
[8.571s] -- Installing: /home/nvidia/DS10_Modbus/install/ds10_interfaces/share/ds10_interfaces/environment/path.sh
[8.572s] -- Installing: /home/nvidia/DS10_Modbus/install/ds10_interfaces/share/ds10_interfaces/environment/path.dsv
[8.572s] -- Installing: /home/nvidia/DS10_Modbus/install/ds10_interfaces/share/ds10_interfaces/local_setup.bash
[8.572s] -- Installing: /home/nvidia/DS10_Modbus/install/ds10_interfaces/share/ds10_interfaces/local_setup.sh
[8.572s] -- Installing: /home/nvidia/DS10_Modbus/install/ds10_interfaces/share/ds10_interfaces/local_setup.zsh
[8.573s] -- Installing: /home/nvidia/DS10_Modbus/install/ds10_interfaces/share/ds10_interfaces/local_setup.dsv
[8.573s] -- Installing: /home/nvidia/DS10_Modbus/install/ds10_interfaces/share/ds10_interfaces/package.dsv
[8.573s] -- Installing: /home/nvidia/DS10_Modbus/install/ds10_interfaces/share/ament_index/resource_index/packages/ds10_interfaces
[8.573s] -- Installing: /home/nvidia/DS10_Modbus/install/ds10_interfaces/share/ds10_interfaces/cmake/export_ds10_interfaces__rosidl_generator_cExport.cmake
[8.574s] -- Installing: /home/nvidia/DS10_Modbus/install/ds10_interfaces/share/ds10_interfaces/cmake/export_ds10_interfaces__rosidl_generator_cExport-noconfig.cmake
[8.574s] -- Installing: /home/nvidia/DS10_Modbus/install/ds10_interfaces/share/ds10_interfaces/cmake/export_ds10_interfaces__rosidl_typesupport_fastrtps_cExport.cmake
[8.574s] -- Installing: /home/nvidia/DS10_Modbus/install/ds10_interfaces/share/ds10_interfaces/cmake/export_ds10_interfaces__rosidl_typesupport_fastrtps_cExport-noconfig.cmake
[8.574s] -- Installing: /home/nvidia/DS10_Modbus/install/ds10_interfaces/share/ds10_interfaces/cmake/ds10_interfaces__rosidl_typesupport_introspection_cExport.cmake
[8.575s] -- Installing: /home/nvidia/DS10_Modbus/install/ds10_interfaces/share/ds10_interfaces/cmake/ds10_interfaces__rosidl_typesupport_introspection_cExport-noconfig.cmake
[8.575s] -- Installing: /home/nvidia/DS10_Modbus/install/ds10_interfaces/share/ds10_interfaces/cmake/ds10_interfaces__rosidl_typesupport_cExport.cmake
[8.575s] -- Installing: /home/nvidia/DS10_Modbus/install/ds10_interfaces/share/ds10_interfaces/cmake/ds10_interfaces__rosidl_typesupport_cExport-noconfig.cmake
[8.576s] -- Installing: /home/nvidia/DS10_Modbus/install/ds10_interfaces/share/ds10_interfaces/cmake/export_ds10_interfaces__rosidl_generator_cppExport.cmake
[8.576s] -- Installing: /home/nvidia/DS10_Modbus/install/ds10_interfaces/share/ds10_interfaces/cmake/export_ds10_interfaces__rosidl_typesupport_fastrtps_cppExport.cmake
[8.576s] -- Installing: /home/nvidia/DS10_Modbus/install/ds10_interfaces/share/ds10_interfaces/cmake/export_ds10_interfaces__rosidl_typesupport_fastrtps_cppExport-noconfig.cmake
[8.576s] -- Installing: /home/nvidia/DS10_Modbus/install/ds10_interfaces/share/ds10_interfaces/cmake/ds10_interfaces__rosidl_typesupport_introspection_cppExport.cmake
[8.577s] -- Installing: /home/nvidia/DS10_Modbus/install/ds10_interfaces/share/ds10_interfaces/cmake/ds10_interfaces__rosidl_typesupport_introspection_cppExport-noconfig.cmake
[8.577s] -- Installing: /home/nvidia/DS10_Modbus/install/ds10_interfaces/share/ds10_interfaces/cmake/ds10_interfaces__rosidl_typesupport_cppExport.cmake
[8.577s] -- Installing: /home/nvidia/DS10_Modbus/install/ds10_interfaces/share/ds10_interfaces/cmake/ds10_interfaces__rosidl_typesupport_cppExport-noconfig.cmake
[8.577s] -- Installing: /home/nvidia/DS10_Modbus/install/ds10_interfaces/share/ds10_interfaces/cmake/export_ds10_interfaces__rosidl_generator_pyExport.cmake
[8.578s] -- Installing: /home/nvidia/DS10_Modbus/install/ds10_interfaces/share/ds10_interfaces/cmake/export_ds10_interfaces__rosidl_generator_pyExport-noconfig.cmake
[8.578s] -- Installing: /home/nvidia/DS10_Modbus/install/ds10_interfaces/share/ds10_interfaces/cmake/rosidl_cmake-extras.cmake
[8.578s] -- Installing: /home/nvidia/DS10_Modbus/install/ds10_interfaces/share/ds10_interfaces/cmake/ament_cmake_export_dependencies-extras.cmake
[8.578s] -- Installing: /home/nvidia/DS10_Modbus/install/ds10_interfaces/share/ds10_interfaces/cmake/ament_cmake_export_include_directories-extras.cmake
[8.578s] -- Installing: /home/nvidia/DS10_Modbus/install/ds10_interfaces/share/ds10_interfaces/cmake/ament_cmake_export_libraries-extras.cmake
[8.579s] -- Installing: /home/nvidia/DS10_Modbus/install/ds10_interfaces/share/ds10_interfaces/cmake/ament_cmake_export_targets-extras.cmake
[8.579s] -- Installing: /home/nvidia/DS10_Modbus/install/ds10_interfaces/share/ds10_interfaces/cmake/rosidl_cmake_export_typesupport_targets-extras.cmake
[8.579s] -- Installing: /home/nvidia/DS10_Modbus/install/ds10_interfaces/share/ds10_interfaces/cmake/rosidl_cmake_export_typesupport_libraries-extras.cmake
[8.580s] -- Installing: /home/nvidia/DS10_Modbus/install/ds10_interfaces/share/ds10_interfaces/cmake/rosidl_cmake_aggregate_target-extras.cmake
[8.580s] -- Installing: /home/nvidia/DS10_Modbus/install/ds10_interfaces/share/ds10_interfaces/cmake/ds10_interfacesConfig.cmake
[8.580s] -- Installing: /home/nvidia/DS10_Modbus/install/ds10_interfaces/share/ds10_interfaces/cmake/ds10_interfacesConfig-version.cmake
[8.580s] -- Installing: /home/nvidia/DS10_Modbus/install/ds10_interfaces/share/ds10_interfaces/package.xml
[8.585s] Invoked command in '/home/nvidia/DS10_Modbus/build/ds10_interfaces' returned '0': CMAKE_PREFIX_PATH=/opt/ros/humble /usr/bin/cmake --install /home/nvidia/DS10_Modbus/build/ds10_interfaces
