[0.217s] colcon DEBUG Command line arguments: ['/usr/bin/colcon', 'build', '--packages-select', 'ds10_protocol']
[0.217s] colcon DEBUG Parsed command line arguments: Namespace(log_base=None, log_level=None, verb_name='build', build_base='build', install_base='install', merge_install=False, symlink_install=False, test_result_base=None, continue_on_error=False, executor='parallel', parallel_workers=6, event_handlers=None, ignore_user_meta=False, metas=['./colcon.meta'], base_paths=['.'], packages_ignore=None, packages_ignore_regex=None, paths=None, packages_up_to=None, packages_up_to_regex=None, packages_above=None, packages_above_and_dependencies=None, packages_above_depth=None, packages_select_by_dep=None, packages_skip_by_dep=None, packages_skip_up_to=None, packages_select_build_failed=False, packages_skip_build_finished=False, packages_select_test_failures=False, packages_skip_test_passed=False, packages_select=['ds10_protocol'], packages_skip=None, packages_select_regex=None, packages_skip_regex=None, packages_start=None, packages_end=None, allow_overriding=[], cmake_args=None, cmake_target=None, cmake_target_skip_unavailable=False, cmake_clean_cache=False, cmake_clean_first=False, cmake_force_configure=False, ament_cmake_args=None, catkin_cmake_args=None, catkin_skip_building_tests=False, verb_parser=<colcon_defaults.argument_parser.defaults.DefaultArgumentsDecorator object at 0xffffbd2086a0>, verb_extension=<colcon_core.verb.build.BuildVerb object at 0xffffbd316470>, main=<bound method BuildVerb.main of <colcon_core.verb.build.BuildVerb object at 0xffffbd316470>>)
[0.287s] colcon.colcon_core.package_discovery Level 1 discover_packages(colcon_meta) check parameters
[0.287s] colcon.colcon_core.package_discovery Level 1 discover_packages(recursive) check parameters
[0.287s] colcon.colcon_core.package_discovery Level 1 discover_packages(ignore) check parameters
[0.287s] colcon.colcon_core.package_discovery Level 1 discover_packages(path) check parameters
[0.287s] colcon.colcon_core.package_discovery Level 1 discover_packages(colcon_meta) discover
[0.288s] colcon.colcon_core.package_discovery Level 1 discover_packages(recursive) discover
[0.288s] colcon.colcon_core.package_discovery INFO Crawling recursively for packages in '/home/nvidia/DS10_Modbus'
[0.288s] colcon.colcon_core.package_identification Level 1 _identify(.) by extensions ['ignore', 'ignore_ament_install']
[0.288s] colcon.colcon_core.package_identification Level 1 _identify(.) by extension 'ignore'
[0.288s] colcon.colcon_core.package_identification Level 1 _identify(.) by extension 'ignore_ament_install'
[0.288s] colcon.colcon_core.package_identification Level 1 _identify(.) by extensions ['colcon_pkg']
[0.288s] colcon.colcon_core.package_identification Level 1 _identify(.) by extension 'colcon_pkg'
[0.288s] colcon.colcon_core.package_identification Level 1 _identify(.) by extensions ['colcon_meta']
[0.289s] colcon.colcon_core.package_identification Level 1 _identify(.) by extension 'colcon_meta'
[0.289s] colcon.colcon_core.package_identification Level 1 _identify(.) by extensions ['ros']
[0.289s] colcon.colcon_core.package_identification Level 1 _identify(.) by extension 'ros'
[0.316s] colcon.colcon_core.package_identification Level 1 _identify(.) by extensions ['cmake', 'python']
[0.316s] colcon.colcon_core.package_identification Level 1 _identify(.) by extension 'cmake'
[0.316s] colcon.colcon_core.package_identification Level 1 _identify(.) by extension 'python'
[0.316s] colcon.colcon_core.package_identification Level 1 _identify(.) by extensions ['python_setup_py']
[0.316s] colcon.colcon_core.package_identification Level 1 _identify(.) by extension 'python_setup_py'
[0.316s] colcon.colcon_core.package_identification Level 1 _identify(__pycache__) by extensions ['ignore', 'ignore_ament_install']
[0.317s] colcon.colcon_core.package_identification Level 1 _identify(__pycache__) by extension 'ignore'
[0.317s] colcon.colcon_core.package_identification Level 1 _identify(__pycache__) by extension 'ignore_ament_install'
[0.317s] colcon.colcon_core.package_identification Level 1 _identify(__pycache__) by extensions ['colcon_pkg']
[0.317s] colcon.colcon_core.package_identification Level 1 _identify(__pycache__) by extension 'colcon_pkg'
[0.317s] colcon.colcon_core.package_identification Level 1 _identify(__pycache__) by extensions ['colcon_meta']
[0.317s] colcon.colcon_core.package_identification Level 1 _identify(__pycache__) by extension 'colcon_meta'
[0.317s] colcon.colcon_core.package_identification Level 1 _identify(__pycache__) by extensions ['ros']
[0.317s] colcon.colcon_core.package_identification Level 1 _identify(__pycache__) by extension 'ros'
[0.317s] colcon.colcon_core.package_identification Level 1 _identify(__pycache__) by extensions ['cmake', 'python']
[0.317s] colcon.colcon_core.package_identification Level 1 _identify(__pycache__) by extension 'cmake'
[0.318s] colcon.colcon_core.package_identification Level 1 _identify(__pycache__) by extension 'python'
[0.318s] colcon.colcon_core.package_identification Level 1 _identify(__pycache__) by extensions ['python_setup_py']
[0.318s] colcon.colcon_core.package_identification Level 1 _identify(__pycache__) by extension 'python_setup_py'
[0.318s] colcon.colcon_core.package_identification Level 1 _identify(build) by extensions ['ignore', 'ignore_ament_install']
[0.318s] colcon.colcon_core.package_identification Level 1 _identify(build) by extension 'ignore'
[0.318s] colcon.colcon_core.package_identification Level 1 _identify(build) ignored
[0.318s] colcon.colcon_core.package_identification Level 1 _identify(docs) by extensions ['ignore', 'ignore_ament_install']
[0.319s] colcon.colcon_core.package_identification Level 1 _identify(docs) by extension 'ignore'
[0.319s] colcon.colcon_core.package_identification Level 1 _identify(docs) by extension 'ignore_ament_install'
[0.319s] colcon.colcon_core.package_identification Level 1 _identify(docs) by extensions ['colcon_pkg']
[0.319s] colcon.colcon_core.package_identification Level 1 _identify(docs) by extension 'colcon_pkg'
[0.319s] colcon.colcon_core.package_identification Level 1 _identify(docs) by extensions ['colcon_meta']
[0.319s] colcon.colcon_core.package_identification Level 1 _identify(docs) by extension 'colcon_meta'
[0.319s] colcon.colcon_core.package_identification Level 1 _identify(docs) by extensions ['ros']
[0.319s] colcon.colcon_core.package_identification Level 1 _identify(docs) by extension 'ros'
[0.319s] colcon.colcon_core.package_identification Level 1 _identify(docs) by extensions ['cmake', 'python']
[0.319s] colcon.colcon_core.package_identification Level 1 _identify(docs) by extension 'cmake'
[0.319s] colcon.colcon_core.package_identification Level 1 _identify(docs) by extension 'python'
[0.320s] colcon.colcon_core.package_identification Level 1 _identify(docs) by extensions ['python_setup_py']
[0.320s] colcon.colcon_core.package_identification Level 1 _identify(docs) by extension 'python_setup_py'
[0.320s] colcon.colcon_core.package_identification Level 1 _identify(install) by extensions ['ignore', 'ignore_ament_install']
[0.320s] colcon.colcon_core.package_identification Level 1 _identify(install) by extension 'ignore'
[0.320s] colcon.colcon_core.package_identification Level 1 _identify(install) ignored
[0.320s] colcon.colcon_core.package_identification Level 1 _identify(issues) by extensions ['ignore', 'ignore_ament_install']
[0.320s] colcon.colcon_core.package_identification Level 1 _identify(issues) by extension 'ignore'
[0.320s] colcon.colcon_core.package_identification Level 1 _identify(issues) by extension 'ignore_ament_install'
[0.321s] colcon.colcon_core.package_identification Level 1 _identify(issues) by extensions ['colcon_pkg']
[0.321s] colcon.colcon_core.package_identification Level 1 _identify(issues) by extension 'colcon_pkg'
[0.321s] colcon.colcon_core.package_identification Level 1 _identify(issues) by extensions ['colcon_meta']
[0.321s] colcon.colcon_core.package_identification Level 1 _identify(issues) by extension 'colcon_meta'
[0.321s] colcon.colcon_core.package_identification Level 1 _identify(issues) by extensions ['ros']
[0.321s] colcon.colcon_core.package_identification Level 1 _identify(issues) by extension 'ros'
[0.321s] colcon.colcon_core.package_identification Level 1 _identify(issues) by extensions ['cmake', 'python']
[0.321s] colcon.colcon_core.package_identification Level 1 _identify(issues) by extension 'cmake'
[0.321s] colcon.colcon_core.package_identification Level 1 _identify(issues) by extension 'python'
[0.321s] colcon.colcon_core.package_identification Level 1 _identify(issues) by extensions ['python_setup_py']
[0.321s] colcon.colcon_core.package_identification Level 1 _identify(issues) by extension 'python_setup_py'
[0.322s] colcon.colcon_core.package_identification Level 1 _identify(log) by extensions ['ignore', 'ignore_ament_install']
[0.322s] colcon.colcon_core.package_identification Level 1 _identify(log) by extension 'ignore'
[0.322s] colcon.colcon_core.package_identification Level 1 _identify(log) ignored
[0.322s] colcon.colcon_core.package_identification Level 1 _identify(src) by extensions ['ignore', 'ignore_ament_install']
[0.322s] colcon.colcon_core.package_identification Level 1 _identify(src) by extension 'ignore'
[0.322s] colcon.colcon_core.package_identification Level 1 _identify(src) by extension 'ignore_ament_install'
[0.322s] colcon.colcon_core.package_identification Level 1 _identify(src) by extensions ['colcon_pkg']
[0.322s] colcon.colcon_core.package_identification Level 1 _identify(src) by extension 'colcon_pkg'
[0.322s] colcon.colcon_core.package_identification Level 1 _identify(src) by extensions ['colcon_meta']
[0.323s] colcon.colcon_core.package_identification Level 1 _identify(src) by extension 'colcon_meta'
[0.323s] colcon.colcon_core.package_identification Level 1 _identify(src) by extensions ['ros']
[0.323s] colcon.colcon_core.package_identification Level 1 _identify(src) by extension 'ros'
[0.323s] colcon.colcon_core.package_identification Level 1 _identify(src) by extensions ['cmake', 'python']
[0.323s] colcon.colcon_core.package_identification Level 1 _identify(src) by extension 'cmake'
[0.323s] colcon.colcon_core.package_identification Level 1 _identify(src) by extension 'python'
[0.323s] colcon.colcon_core.package_identification Level 1 _identify(src) by extensions ['python_setup_py']
[0.323s] colcon.colcon_core.package_identification Level 1 _identify(src) by extension 'python_setup_py'
[0.323s] colcon.colcon_core.package_identification Level 1 _identify(src/ds10_driver) by extensions ['ignore', 'ignore_ament_install']
[0.323s] colcon.colcon_core.package_identification Level 1 _identify(src/ds10_driver) by extension 'ignore'
[0.324s] colcon.colcon_core.package_identification Level 1 _identify(src/ds10_driver) by extension 'ignore_ament_install'
[0.324s] colcon.colcon_core.package_identification Level 1 _identify(src/ds10_driver) by extensions ['colcon_pkg']
[0.324s] colcon.colcon_core.package_identification Level 1 _identify(src/ds10_driver) by extension 'colcon_pkg'
[0.324s] colcon.colcon_core.package_identification Level 1 _identify(src/ds10_driver) by extensions ['colcon_meta']
[0.324s] colcon.colcon_core.package_identification Level 1 _identify(src/ds10_driver) by extension 'colcon_meta'
[0.324s] colcon.colcon_core.package_identification Level 1 _identify(src/ds10_driver) by extensions ['ros']
[0.324s] colcon.colcon_core.package_identification Level 1 _identify(src/ds10_driver) by extension 'ros'
[0.329s] colcon.colcon_core.package_identification DEBUG Package 'src/ds10_driver' with type 'ros.ament_cmake' and name 'ds10_driver'
[0.329s] colcon.colcon_core.package_identification Level 1 _identify(src/ds10_interfaces) by extensions ['ignore', 'ignore_ament_install']
[0.329s] colcon.colcon_core.package_identification Level 1 _identify(src/ds10_interfaces) by extension 'ignore'
[0.330s] colcon.colcon_core.package_identification Level 1 _identify(src/ds10_interfaces) by extension 'ignore_ament_install'
[0.330s] colcon.colcon_core.package_identification Level 1 _identify(src/ds10_interfaces) by extensions ['colcon_pkg']
[0.330s] colcon.colcon_core.package_identification Level 1 _identify(src/ds10_interfaces) by extension 'colcon_pkg'
[0.330s] colcon.colcon_core.package_identification Level 1 _identify(src/ds10_interfaces) by extensions ['colcon_meta']
[0.330s] colcon.colcon_core.package_identification Level 1 _identify(src/ds10_interfaces) by extension 'colcon_meta'
[0.330s] colcon.colcon_core.package_identification Level 1 _identify(src/ds10_interfaces) by extensions ['ros']
[0.330s] colcon.colcon_core.package_identification Level 1 _identify(src/ds10_interfaces) by extension 'ros'
[0.331s] colcon.colcon_core.package_identification DEBUG Package 'src/ds10_interfaces' with type 'ros.ament_cmake' and name 'ds10_interfaces'
[0.331s] colcon.colcon_core.package_identification Level 1 _identify(src/ds10_protocol) by extensions ['ignore', 'ignore_ament_install']
[0.332s] colcon.colcon_core.package_identification Level 1 _identify(src/ds10_protocol) by extension 'ignore'
[0.332s] colcon.colcon_core.package_identification Level 1 _identify(src/ds10_protocol) by extension 'ignore_ament_install'
[0.332s] colcon.colcon_core.package_identification Level 1 _identify(src/ds10_protocol) by extensions ['colcon_pkg']
[0.332s] colcon.colcon_core.package_identification Level 1 _identify(src/ds10_protocol) by extension 'colcon_pkg'
[0.332s] colcon.colcon_core.package_identification Level 1 _identify(src/ds10_protocol) by extensions ['colcon_meta']
[0.332s] colcon.colcon_core.package_identification Level 1 _identify(src/ds10_protocol) by extension 'colcon_meta'
[0.332s] colcon.colcon_core.package_identification Level 1 _identify(src/ds10_protocol) by extensions ['ros']
[0.332s] colcon.colcon_core.package_identification Level 1 _identify(src/ds10_protocol) by extension 'ros'
[0.333s] colcon.colcon_core.package_identification DEBUG Package 'src/ds10_protocol' with type 'ros.ament_cmake' and name 'ds10_protocol'
[0.334s] colcon.colcon_core.package_discovery Level 1 discover_packages(recursive) using defaults
[0.334s] colcon.colcon_core.package_discovery Level 1 discover_packages(ignore) discover
[0.334s] colcon.colcon_core.package_discovery Level 1 discover_packages(ignore) using defaults
[0.334s] colcon.colcon_core.package_discovery Level 1 discover_packages(path) discover
[0.334s] colcon.colcon_core.package_discovery Level 1 discover_packages(path) using defaults
[0.363s] colcon.colcon_core.package_selection INFO Skipping not selected package 'ds10_interfaces' in 'src/ds10_interfaces'
[0.364s] colcon.colcon_core.package_selection INFO Skipping not selected package 'ds10_driver' in 'src/ds10_driver'
[0.364s] colcon.colcon_core.package_discovery Level 1 discover_packages(prefix_path) check parameters
[0.364s] colcon.colcon_core.package_discovery Level 1 discover_packages(prefix_path) discover
[0.369s] colcon.colcon_installed_package_information.package_discovery DEBUG Found 306 installed packages in /opt/ros/humble
[0.371s] colcon.colcon_core.package_discovery Level 1 discover_packages(prefix_path) using defaults
[0.443s] colcon.colcon_core.verb Level 5 set package 'ds10_protocol' build argument 'cmake_args' from command line to 'None'
[0.443s] colcon.colcon_core.verb Level 5 set package 'ds10_protocol' build argument 'cmake_target' from command line to 'None'
[0.443s] colcon.colcon_core.verb Level 5 set package 'ds10_protocol' build argument 'cmake_target_skip_unavailable' from command line to 'False'
[0.443s] colcon.colcon_core.verb Level 5 set package 'ds10_protocol' build argument 'cmake_clean_cache' from command line to 'False'
[0.444s] colcon.colcon_core.verb Level 5 set package 'ds10_protocol' build argument 'cmake_clean_first' from command line to 'False'
[0.444s] colcon.colcon_core.verb Level 5 set package 'ds10_protocol' build argument 'cmake_force_configure' from command line to 'False'
[0.444s] colcon.colcon_core.verb Level 5 set package 'ds10_protocol' build argument 'ament_cmake_args' from command line to 'None'
[0.444s] colcon.colcon_core.verb Level 5 set package 'ds10_protocol' build argument 'catkin_cmake_args' from command line to 'None'
[0.444s] colcon.colcon_core.verb Level 5 set package 'ds10_protocol' build argument 'catkin_skip_building_tests' from command line to 'False'
[0.444s] colcon.colcon_core.verb DEBUG Building package 'ds10_protocol' with the following arguments: {'ament_cmake_args': None, 'build_base': '/home/nvidia/DS10_Modbus/build/ds10_protocol', 'catkin_cmake_args': None, 'catkin_skip_building_tests': False, 'cmake_args': None, 'cmake_clean_cache': False, 'cmake_clean_first': False, 'cmake_force_configure': False, 'cmake_target': None, 'cmake_target_skip_unavailable': False, 'install_base': '/home/nvidia/DS10_Modbus/install/ds10_protocol', 'merge_install': False, 'path': '/home/nvidia/DS10_Modbus/src/ds10_protocol', 'symlink_install': False, 'test_result_base': None}
[0.444s] colcon.colcon_core.executor INFO Executing jobs using 'parallel' executor
[0.446s] colcon.colcon_parallel_executor.executor.parallel DEBUG run_until_complete
[0.447s] colcon.colcon_ros.task.ament_cmake.build INFO Building ROS package in '/home/nvidia/DS10_Modbus/src/ds10_protocol' with build type 'ament_cmake'
[0.447s] colcon.colcon_cmake.task.cmake.build INFO Building CMake package in '/home/nvidia/DS10_Modbus/src/ds10_protocol'
[0.450s] colcon.colcon_core.plugin_system INFO Skipping extension 'colcon_core.shell.bat': Not used on non-Windows systems
[0.450s] colcon.colcon_core.shell INFO Skip shell extension 'powershell' for command environment: Not usable outside of PowerShell
[0.450s] colcon.colcon_core.shell DEBUG Skip shell extension 'dsv' for command environment
[0.465s] colcon.colcon_core.event_handler.log_command DEBUG Invoking command in '/home/nvidia/DS10_Modbus/build/ds10_protocol': AMENT_PREFIX_PATH=/home/nvidia/DS10_Modbus/install/ds10_interfaces:${AMENT_PREFIX_PATH} CMAKE_PREFIX_PATH=/home/nvidia/DS10_Modbus/install/ds10_interfaces:/opt/ros/humble LD_LIBRARY_PATH=/home/nvidia/DS10_Modbus/install/ds10_interfaces/lib:/opt/ros/humble/opt/rviz_ogre_vendor/lib:/opt/ros/humble/lib/aarch64-linux-gnu:/opt/ros/humble/lib:/usr/local/lib:/usr/local/cuda-12.6/lib64 PYTHONPATH=/home/nvidia/DS10_Modbus/install/ds10_interfaces/local/lib/python3.10/dist-packages:${PYTHONPATH} /usr/bin/cmake /home/nvidia/DS10_Modbus/src/ds10_protocol -DCMAKE_INSTALL_PREFIX=/home/nvidia/DS10_Modbus/install/ds10_protocol
[3.101s] colcon.colcon_core.event_handler.log_command DEBUG Invoked command in '/home/nvidia/DS10_Modbus/build/ds10_protocol' returned '0': AMENT_PREFIX_PATH=/home/nvidia/DS10_Modbus/install/ds10_interfaces:${AMENT_PREFIX_PATH} CMAKE_PREFIX_PATH=/home/nvidia/DS10_Modbus/install/ds10_interfaces:/opt/ros/humble LD_LIBRARY_PATH=/home/nvidia/DS10_Modbus/install/ds10_interfaces/lib:/opt/ros/humble/opt/rviz_ogre_vendor/lib:/opt/ros/humble/lib/aarch64-linux-gnu:/opt/ros/humble/lib:/usr/local/lib:/usr/local/cuda-12.6/lib64 PYTHONPATH=/home/nvidia/DS10_Modbus/install/ds10_interfaces/local/lib/python3.10/dist-packages:${PYTHONPATH} /usr/bin/cmake /home/nvidia/DS10_Modbus/src/ds10_protocol -DCMAKE_INSTALL_PREFIX=/home/nvidia/DS10_Modbus/install/ds10_protocol
[3.106s] colcon.colcon_core.event_handler.log_command DEBUG Invoking command in '/home/nvidia/DS10_Modbus/build/ds10_protocol': AMENT_PREFIX_PATH=/home/nvidia/DS10_Modbus/install/ds10_interfaces:${AMENT_PREFIX_PATH} CMAKE_PREFIX_PATH=/home/nvidia/DS10_Modbus/install/ds10_interfaces:/opt/ros/humble LD_LIBRARY_PATH=/home/nvidia/DS10_Modbus/install/ds10_interfaces/lib:/opt/ros/humble/opt/rviz_ogre_vendor/lib:/opt/ros/humble/lib/aarch64-linux-gnu:/opt/ros/humble/lib:/usr/local/lib:/usr/local/cuda-12.6/lib64 PYTHONPATH=/home/nvidia/DS10_Modbus/install/ds10_interfaces/local/lib/python3.10/dist-packages:${PYTHONPATH} /usr/bin/cmake --build /home/nvidia/DS10_Modbus/build/ds10_protocol -- -j6 -l6
[3.185s] colcon.colcon_core.event_handler.log_command DEBUG Invoked command in '/home/nvidia/DS10_Modbus/build/ds10_protocol' returned '0': AMENT_PREFIX_PATH=/home/nvidia/DS10_Modbus/install/ds10_interfaces:${AMENT_PREFIX_PATH} CMAKE_PREFIX_PATH=/home/nvidia/DS10_Modbus/install/ds10_interfaces:/opt/ros/humble LD_LIBRARY_PATH=/home/nvidia/DS10_Modbus/install/ds10_interfaces/lib:/opt/ros/humble/opt/rviz_ogre_vendor/lib:/opt/ros/humble/lib/aarch64-linux-gnu:/opt/ros/humble/lib:/usr/local/lib:/usr/local/cuda-12.6/lib64 PYTHONPATH=/home/nvidia/DS10_Modbus/install/ds10_interfaces/local/lib/python3.10/dist-packages:${PYTHONPATH} /usr/bin/cmake --build /home/nvidia/DS10_Modbus/build/ds10_protocol -- -j6 -l6
[3.210s] colcon.colcon_core.event_handler.log_command DEBUG Invoking command in '/home/nvidia/DS10_Modbus/build/ds10_protocol': AMENT_PREFIX_PATH=/home/nvidia/DS10_Modbus/install/ds10_interfaces:${AMENT_PREFIX_PATH} CMAKE_PREFIX_PATH=/home/nvidia/DS10_Modbus/install/ds10_interfaces:/opt/ros/humble LD_LIBRARY_PATH=/home/nvidia/DS10_Modbus/install/ds10_interfaces/lib:/opt/ros/humble/opt/rviz_ogre_vendor/lib:/opt/ros/humble/lib/aarch64-linux-gnu:/opt/ros/humble/lib:/usr/local/lib:/usr/local/cuda-12.6/lib64 PYTHONPATH=/home/nvidia/DS10_Modbus/install/ds10_interfaces/local/lib/python3.10/dist-packages:${PYTHONPATH} /usr/bin/cmake --install /home/nvidia/DS10_Modbus/build/ds10_protocol
[3.233s] colcon.colcon_core.environment Level 1 create_environment_scripts_only(ds10_protocol)
[3.235s] colcon.colcon_core.event_handler.log_command DEBUG Invoked command in '/home/nvidia/DS10_Modbus/build/ds10_protocol' returned '0': AMENT_PREFIX_PATH=/home/nvidia/DS10_Modbus/install/ds10_interfaces:${AMENT_PREFIX_PATH} CMAKE_PREFIX_PATH=/home/nvidia/DS10_Modbus/install/ds10_interfaces:/opt/ros/humble LD_LIBRARY_PATH=/home/nvidia/DS10_Modbus/install/ds10_interfaces/lib:/opt/ros/humble/opt/rviz_ogre_vendor/lib:/opt/ros/humble/lib/aarch64-linux-gnu:/opt/ros/humble/lib:/usr/local/lib:/usr/local/cuda-12.6/lib64 PYTHONPATH=/home/nvidia/DS10_Modbus/install/ds10_interfaces/local/lib/python3.10/dist-packages:${PYTHONPATH} /usr/bin/cmake --install /home/nvidia/DS10_Modbus/build/ds10_protocol
[3.243s] colcon.colcon_core.environment Level 1 checking '/home/nvidia/DS10_Modbus/install/ds10_protocol' for CMake module files
[3.244s] colcon.colcon_core.environment Level 1 checking '/home/nvidia/DS10_Modbus/install/ds10_protocol' for CMake config files
[3.245s] colcon.colcon_core.shell Level 1 create_environment_hook('ds10_protocol', 'cmake_prefix_path')
[3.246s] colcon.colcon_core.shell INFO Creating environment hook '/home/nvidia/DS10_Modbus/install/ds10_protocol/share/ds10_protocol/hook/cmake_prefix_path.ps1'
[3.249s] colcon.colcon_core.shell INFO Creating environment descriptor '/home/nvidia/DS10_Modbus/install/ds10_protocol/share/ds10_protocol/hook/cmake_prefix_path.dsv'
[3.250s] colcon.colcon_core.shell INFO Creating environment hook '/home/nvidia/DS10_Modbus/install/ds10_protocol/share/ds10_protocol/hook/cmake_prefix_path.sh'
[3.254s] colcon.colcon_core.environment Level 1 checking '/home/nvidia/DS10_Modbus/install/ds10_protocol/bin'
[3.254s] colcon.colcon_core.environment Level 1 checking '/home/nvidia/DS10_Modbus/install/ds10_protocol/lib/pkgconfig/ds10_protocol.pc'
[3.255s] colcon.colcon_core.environment Level 1 checking '/home/nvidia/DS10_Modbus/install/ds10_protocol/lib/python3.10/site-packages'
[3.256s] colcon.colcon_core.environment Level 1 checking '/home/nvidia/DS10_Modbus/install/ds10_protocol/bin'
[3.257s] colcon.colcon_core.shell INFO Creating package script '/home/nvidia/DS10_Modbus/install/ds10_protocol/share/ds10_protocol/package.ps1'
[3.262s] colcon.colcon_core.shell INFO Creating package descriptor '/home/nvidia/DS10_Modbus/install/ds10_protocol/share/ds10_protocol/package.dsv'
[3.264s] colcon.colcon_core.shell INFO Creating package script '/home/nvidia/DS10_Modbus/install/ds10_protocol/share/ds10_protocol/package.sh'
[3.266s] colcon.colcon_core.shell INFO Creating package script '/home/nvidia/DS10_Modbus/install/ds10_protocol/share/ds10_protocol/package.bash'
[3.269s] colcon.colcon_core.shell INFO Creating package script '/home/nvidia/DS10_Modbus/install/ds10_protocol/share/ds10_protocol/package.zsh'
[3.271s] colcon.colcon_core.environment Level 1 create_file_with_runtime_dependencies(/home/nvidia/DS10_Modbus/install/ds10_protocol/share/colcon-core/packages/ds10_protocol)
[3.274s] colcon.colcon_core.environment Level 1 create_environment_scripts_only(ds10_protocol)
[3.274s] colcon.colcon_core.environment Level 1 checking '/home/nvidia/DS10_Modbus/install/ds10_protocol' for CMake module files
[3.276s] colcon.colcon_core.environment Level 1 checking '/home/nvidia/DS10_Modbus/install/ds10_protocol' for CMake config files
[3.277s] colcon.colcon_core.shell Level 1 create_environment_hook('ds10_protocol', 'cmake_prefix_path')
[3.278s] colcon.colcon_core.shell INFO Creating environment hook '/home/nvidia/DS10_Modbus/install/ds10_protocol/share/ds10_protocol/hook/cmake_prefix_path.ps1'
[3.279s] colcon.colcon_core.shell INFO Creating environment descriptor '/home/nvidia/DS10_Modbus/install/ds10_protocol/share/ds10_protocol/hook/cmake_prefix_path.dsv'
[3.280s] colcon.colcon_core.shell INFO Creating environment hook '/home/nvidia/DS10_Modbus/install/ds10_protocol/share/ds10_protocol/hook/cmake_prefix_path.sh'
[3.282s] colcon.colcon_core.environment Level 1 checking '/home/nvidia/DS10_Modbus/install/ds10_protocol/bin'
[3.283s] colcon.colcon_core.environment Level 1 checking '/home/nvidia/DS10_Modbus/install/ds10_protocol/lib/pkgconfig/ds10_protocol.pc'
[3.283s] colcon.colcon_core.environment Level 1 checking '/home/nvidia/DS10_Modbus/install/ds10_protocol/lib/python3.10/site-packages'
[3.285s] colcon.colcon_core.environment Level 1 checking '/home/nvidia/DS10_Modbus/install/ds10_protocol/bin'
[3.286s] colcon.colcon_core.shell INFO Creating package script '/home/nvidia/DS10_Modbus/install/ds10_protocol/share/ds10_protocol/package.ps1'
[3.288s] colcon.colcon_core.shell INFO Creating package descriptor '/home/nvidia/DS10_Modbus/install/ds10_protocol/share/ds10_protocol/package.dsv'
[3.289s] colcon.colcon_core.shell INFO Creating package script '/home/nvidia/DS10_Modbus/install/ds10_protocol/share/ds10_protocol/package.sh'
[3.291s] colcon.colcon_core.shell INFO Creating package script '/home/nvidia/DS10_Modbus/install/ds10_protocol/share/ds10_protocol/package.bash'
[3.292s] colcon.colcon_core.shell INFO Creating package script '/home/nvidia/DS10_Modbus/install/ds10_protocol/share/ds10_protocol/package.zsh'
[3.293s] colcon.colcon_core.environment Level 1 create_file_with_runtime_dependencies(/home/nvidia/DS10_Modbus/install/ds10_protocol/share/colcon-core/packages/ds10_protocol)
[3.294s] colcon.colcon_parallel_executor.executor.parallel DEBUG closing loop
[3.294s] colcon.colcon_parallel_executor.executor.parallel DEBUG loop closed
[3.295s] colcon.colcon_parallel_executor.executor.parallel DEBUG run_until_complete finished with '0'
[3.295s] colcon.colcon_core.event_reactor DEBUG joining thread
[3.296s] colcon.colcon_core.event_reactor DEBUG joined thread
[3.297s] colcon.colcon_core.shell INFO Creating prefix script '/home/nvidia/DS10_Modbus/install/local_setup.ps1'
[3.300s] colcon.colcon_core.shell INFO Creating prefix util module '/home/nvidia/DS10_Modbus/install/_local_setup_util_ps1.py'
[3.305s] colcon.colcon_core.shell INFO Creating prefix chain script '/home/nvidia/DS10_Modbus/install/setup.ps1'
[3.309s] colcon.colcon_core.shell INFO Creating prefix script '/home/nvidia/DS10_Modbus/install/local_setup.sh'
[3.311s] colcon.colcon_core.shell INFO Creating prefix util module '/home/nvidia/DS10_Modbus/install/_local_setup_util_sh.py'
[3.312s] colcon.colcon_core.shell INFO Creating prefix chain script '/home/nvidia/DS10_Modbus/install/setup.sh'
[3.316s] colcon.colcon_core.shell INFO Creating prefix script '/home/nvidia/DS10_Modbus/install/local_setup.bash'
[3.317s] colcon.colcon_core.shell INFO Creating prefix chain script '/home/nvidia/DS10_Modbus/install/setup.bash'
[3.320s] colcon.colcon_core.shell INFO Creating prefix script '/home/nvidia/DS10_Modbus/install/local_setup.zsh'
[3.321s] colcon.colcon_core.shell INFO Creating prefix chain script '/home/nvidia/DS10_Modbus/install/setup.zsh'
