-- The C compiler identification is GNU 11.4.0
-- The CXX compiler identification is GNU 11.4.0
-- Detecting C compiler ABI info
-- Detecting C compiler ABI info - done
-- Check for working C compiler: /usr/bin/cc - skipped
-- Detecting C compile features
-- Detecting C compile features - done
-- Detecting CXX compiler ABI info
-- Detecting CXX compiler ABI info - done
-- Check for working CXX compiler: /usr/bin/c++ - skipped
-- Detecting CXX compile features
-- Detecting CXX compile features - done
-- Found ament_cmake: 1.3.14 (/opt/ros/humble/share/ament_cmake/cmake)
-- Found Python3: /usr/bin/python3 (found version "3.10.12") found components: Interpreter 
-- Found rclcpp: 16.0.19 (/opt/ros/humble/share/rclcpp/cmake)
-- Found rosidl_generator_c: 3.1.9 (/opt/ros/humble/share/rosidl_generator_c/cmake)
-- Found rosidl_adapter: 3.1.9 (/opt/ros/humble/share/rosidl_adapter/cmake)
-- Found rosidl_generator_cpp: 3.1.9 (/opt/ros/humble/share/rosidl_generator_cpp/cmake)
-- Using all available rosidl_typesupport_c: rosidl_typesupport_fastrtps_c;rosidl_typesupport_introspection_c
-- Using all available rosidl_typesupport_cpp: rosidl_typesupport_fastrtps_cpp;rosidl_typesupport_introspection_cpp
-- Found rmw_implementation_cmake: 6.1.3 (/opt/ros/humble/share/rmw_implementation_cmake/cmake)
-- Found rmw_fastrtps_cpp: 6.2.10 (/opt/ros/humble/share/rmw_fastrtps_cpp/cmake)
-- Found OpenSSL: /usr/lib/aarch64-linux-gnu/libcrypto.so (found version "3.0.2")  
-- Found FastRTPS: /opt/ros/humble/include  
-- Using RMW implementation 'rmw_fastrtps_cpp' as default
-- Looking for pthread.h
-- Looking for pthread.h - found
-- Performing Test CMAKE_HAVE_LIBC_PTHREAD
-- Performing Test CMAKE_HAVE_LIBC_PTHREAD - Success
-- Found Threads: TRUE  
-- Found ds10_interfaces: 0.1.0 (/home/nvidia/DS10_Modbus/install/ds10_interfaces/share/ds10_interfaces/cmake)
-- Found ament_lint_auto: 0.12.15 (/opt/ros/humble/share/ament_lint_auto/cmake)
-- Added test 'copyright' to check source files copyright and LICENSE
-- Added test 'lint_cmake' to check CMake code style
-- Added test 'xmllint' to check XML markup files
-- Configuring done
-- Generating done
-- Build files have been written to: /home/nvidia/DS10_Modbus/build/ds10_protocol
-- Install configuration: ""
-- Installing: /home/nvidia/DS10_Modbus/install/ds10_protocol/include
-- Installing: /home/nvidia/DS10_Modbus/install/ds10_protocol/include/ds10_protocol
-- Installing: /home/nvidia/DS10_Modbus/install/ds10_protocol/share/ds10_protocol/environment/library_path.sh
-- Installing: /home/nvidia/DS10_Modbus/install/ds10_protocol/share/ds10_protocol/environment/library_path.dsv
-- Installing: /home/nvidia/DS10_Modbus/install/ds10_protocol/share/ament_index/resource_index/package_run_dependencies/ds10_protocol
-- Installing: /home/nvidia/DS10_Modbus/install/ds10_protocol/share/ament_index/resource_index/parent_prefix_path/ds10_protocol
-- Installing: /home/nvidia/DS10_Modbus/install/ds10_protocol/share/ds10_protocol/environment/ament_prefix_path.sh
-- Installing: /home/nvidia/DS10_Modbus/install/ds10_protocol/share/ds10_protocol/environment/ament_prefix_path.dsv
-- Installing: /home/nvidia/DS10_Modbus/install/ds10_protocol/share/ds10_protocol/environment/path.sh
-- Installing: /home/nvidia/DS10_Modbus/install/ds10_protocol/share/ds10_protocol/environment/path.dsv
-- Installing: /home/nvidia/DS10_Modbus/install/ds10_protocol/share/ds10_protocol/local_setup.bash
-- Installing: /home/nvidia/DS10_Modbus/install/ds10_protocol/share/ds10_protocol/local_setup.sh
-- Installing: /home/nvidia/DS10_Modbus/install/ds10_protocol/share/ds10_protocol/local_setup.zsh
-- Installing: /home/nvidia/DS10_Modbus/install/ds10_protocol/share/ds10_protocol/local_setup.dsv
-- Installing: /home/nvidia/DS10_Modbus/install/ds10_protocol/share/ds10_protocol/package.dsv
-- Installing: /home/nvidia/DS10_Modbus/install/ds10_protocol/share/ament_index/resource_index/packages/ds10_protocol
-- Installing: /home/nvidia/DS10_Modbus/install/ds10_protocol/share/ds10_protocol/cmake/ament_cmake_export_include_directories-extras.cmake
-- Installing: /home/nvidia/DS10_Modbus/install/ds10_protocol/share/ds10_protocol/cmake/ament_cmake_export_libraries-extras.cmake
-- Installing: /home/nvidia/DS10_Modbus/install/ds10_protocol/share/ds10_protocol/cmake/ament_cmake_export_dependencies-extras.cmake
-- Installing: /home/nvidia/DS10_Modbus/install/ds10_protocol/share/ds10_protocol/cmake/ds10_protocolConfig.cmake
-- Installing: /home/nvidia/DS10_Modbus/install/ds10_protocol/share/ds10_protocol/cmake/ds10_protocolConfig-version.cmake
-- Installing: /home/nvidia/DS10_Modbus/install/ds10_protocol/share/ds10_protocol/package.xml
