[0.018s] Invoking command in '/home/nvidia/DS10_Modbus/build/ds10_protocol': AMENT_PREFIX_PATH=/home/nvidia/DS10_Modbus/install/ds10_interfaces:${AMENT_PREFIX_PATH} CMAKE_PREFIX_PATH=/home/nvidia/DS10_Modbus/install/ds10_interfaces:/opt/ros/humble LD_LIBRARY_PATH=/home/nvidia/DS10_Modbus/install/ds10_interfaces/lib:/opt/ros/humble/opt/rviz_ogre_vendor/lib:/opt/ros/humble/lib/aarch64-linux-gnu:/opt/ros/humble/lib:/usr/local/lib:/usr/local/cuda-12.6/lib64 PYTHONPATH=/home/nvidia/DS10_Modbus/install/ds10_interfaces/local/lib/python3.10/dist-packages:${PYTHONPATH} /usr/bin/cmake /home/nvidia/DS10_Modbus/src/ds10_protocol -DCMAKE_INSTALL_PREFIX=/home/nvidia/DS10_Modbus/install/ds10_protocol
[0.116s] -- The C compiler identification is GNU 11.4.0
[0.226s] -- The CXX compiler identification is GNU 11.4.0
[0.246s] -- Detecting C compiler ABI info
[0.388s] -- Detecting C compiler ABI info - done
[0.411s] -- Check for working C compiler: /usr/bin/cc - skipped
[0.413s] -- Detecting C compile features
[0.414s] -- Detecting C compile features - done
[0.425s] -- Detecting CXX compiler ABI info
[0.582s] -- Detecting CXX compiler ABI info - done
[0.608s] -- Check for working CXX compiler: /usr/bin/c++ - skipped
[0.608s] -- Detecting CXX compile features
[0.610s] -- Detecting CXX compile features - done
[0.619s] -- Found ament_cmake: 1.3.14 (/opt/ros/humble/share/ament_cmake/cmake)
[1.313s] -- Found Python3: /usr/bin/python3 (found version "3.10.12") found components: Interpreter 
[1.522s] -- Found rclcpp: 16.0.19 (/opt/ros/humble/share/rclcpp/cmake)
[1.609s] -- Found rosidl_generator_c: 3.1.9 (/opt/ros/humble/share/rosidl_generator_c/cmake)
[1.616s] -- Found rosidl_adapter: 3.1.9 (/opt/ros/humble/share/rosidl_adapter/cmake)
[1.629s] -- Found rosidl_generator_cpp: 3.1.9 (/opt/ros/humble/share/rosidl_generator_cpp/cmake)
[1.647s] -- Using all available rosidl_typesupport_c: rosidl_typesupport_fastrtps_c;rosidl_typesupport_introspection_c
[1.672s] -- Using all available rosidl_typesupport_cpp: rosidl_typesupport_fastrtps_cpp;rosidl_typesupport_introspection_cpp
[1.740s] -- Found rmw_implementation_cmake: 6.1.3 (/opt/ros/humble/share/rmw_implementation_cmake/cmake)
[1.743s] -- Found rmw_fastrtps_cpp: 6.2.10 (/opt/ros/humble/share/rmw_fastrtps_cpp/cmake)
[1.873s] -- Found OpenSSL: /usr/lib/aarch64-linux-gnu/libcrypto.so (found version "3.0.2")  
[1.925s] -- Found FastRTPS: /opt/ros/humble/include  
[1.991s] -- Using RMW implementation 'rmw_fastrtps_cpp' as default
[2.005s] -- Looking for pthread.h
[2.135s] -- Looking for pthread.h - found
[2.136s] -- Performing Test CMAKE_HAVE_LIBC_PTHREAD
[2.293s] -- Performing Test CMAKE_HAVE_LIBC_PTHREAD - Success
[2.297s] -- Found Threads: TRUE  
[2.427s] -- Found ds10_interfaces: 0.1.0 (/home/nvidia/DS10_Modbus/install/ds10_interfaces/share/ds10_interfaces/cmake)
[2.448s] -- Found ament_lint_auto: 0.12.15 (/opt/ros/humble/share/ament_lint_auto/cmake)
[2.607s] -- Added test 'copyright' to check source files copyright and LICENSE
[2.610s] -- Added test 'lint_cmake' to check CMake code style
[2.612s] -- Added test 'xmllint' to check XML markup files
[2.617s] -- Configuring done
[2.627s] -- Generating done
[2.632s] -- Build files have been written to: /home/nvidia/DS10_Modbus/build/ds10_protocol
[2.654s] Invoked command in '/home/nvidia/DS10_Modbus/build/ds10_protocol' returned '0': AMENT_PREFIX_PATH=/home/nvidia/DS10_Modbus/install/ds10_interfaces:${AMENT_PREFIX_PATH} CMAKE_PREFIX_PATH=/home/nvidia/DS10_Modbus/install/ds10_interfaces:/opt/ros/humble LD_LIBRARY_PATH=/home/nvidia/DS10_Modbus/install/ds10_interfaces/lib:/opt/ros/humble/opt/rviz_ogre_vendor/lib:/opt/ros/humble/lib/aarch64-linux-gnu:/opt/ros/humble/lib:/usr/local/lib:/usr/local/cuda-12.6/lib64 PYTHONPATH=/home/nvidia/DS10_Modbus/install/ds10_interfaces/local/lib/python3.10/dist-packages:${PYTHONPATH} /usr/bin/cmake /home/nvidia/DS10_Modbus/src/ds10_protocol -DCMAKE_INSTALL_PREFIX=/home/nvidia/DS10_Modbus/install/ds10_protocol
[2.658s] Invoking command in '/home/nvidia/DS10_Modbus/build/ds10_protocol': AMENT_PREFIX_PATH=/home/nvidia/DS10_Modbus/install/ds10_interfaces:${AMENT_PREFIX_PATH} CMAKE_PREFIX_PATH=/home/nvidia/DS10_Modbus/install/ds10_interfaces:/opt/ros/humble LD_LIBRARY_PATH=/home/nvidia/DS10_Modbus/install/ds10_interfaces/lib:/opt/ros/humble/opt/rviz_ogre_vendor/lib:/opt/ros/humble/lib/aarch64-linux-gnu:/opt/ros/humble/lib:/usr/local/lib:/usr/local/cuda-12.6/lib64 PYTHONPATH=/home/nvidia/DS10_Modbus/install/ds10_interfaces/local/lib/python3.10/dist-packages:${PYTHONPATH} /usr/bin/cmake --build /home/nvidia/DS10_Modbus/build/ds10_protocol -- -j6 -l6
[2.738s] Invoked command in '/home/nvidia/DS10_Modbus/build/ds10_protocol' returned '0': AMENT_PREFIX_PATH=/home/nvidia/DS10_Modbus/install/ds10_interfaces:${AMENT_PREFIX_PATH} CMAKE_PREFIX_PATH=/home/nvidia/DS10_Modbus/install/ds10_interfaces:/opt/ros/humble LD_LIBRARY_PATH=/home/nvidia/DS10_Modbus/install/ds10_interfaces/lib:/opt/ros/humble/opt/rviz_ogre_vendor/lib:/opt/ros/humble/lib/aarch64-linux-gnu:/opt/ros/humble/lib:/usr/local/lib:/usr/local/cuda-12.6/lib64 PYTHONPATH=/home/nvidia/DS10_Modbus/install/ds10_interfaces/local/lib/python3.10/dist-packages:${PYTHONPATH} /usr/bin/cmake --build /home/nvidia/DS10_Modbus/build/ds10_protocol -- -j6 -l6
[2.762s] Invoking command in '/home/nvidia/DS10_Modbus/build/ds10_protocol': AMENT_PREFIX_PATH=/home/nvidia/DS10_Modbus/install/ds10_interfaces:${AMENT_PREFIX_PATH} CMAKE_PREFIX_PATH=/home/nvidia/DS10_Modbus/install/ds10_interfaces:/opt/ros/humble LD_LIBRARY_PATH=/home/nvidia/DS10_Modbus/install/ds10_interfaces/lib:/opt/ros/humble/opt/rviz_ogre_vendor/lib:/opt/ros/humble/lib/aarch64-linux-gnu:/opt/ros/humble/lib:/usr/local/lib:/usr/local/cuda-12.6/lib64 PYTHONPATH=/home/nvidia/DS10_Modbus/install/ds10_interfaces/local/lib/python3.10/dist-packages:${PYTHONPATH} /usr/bin/cmake --install /home/nvidia/DS10_Modbus/build/ds10_protocol
[2.777s] -- Install configuration: ""
[2.778s] -- Installing: /home/nvidia/DS10_Modbus/install/ds10_protocol/include
[2.778s] -- Installing: /home/nvidia/DS10_Modbus/install/ds10_protocol/include/ds10_protocol
[2.778s] -- Installing: /home/nvidia/DS10_Modbus/install/ds10_protocol/share/ds10_protocol/environment/library_path.sh
[2.779s] -- Installing: /home/nvidia/DS10_Modbus/install/ds10_protocol/share/ds10_protocol/environment/library_path.dsv
[2.779s] -- Installing: /home/nvidia/DS10_Modbus/install/ds10_protocol/share/ament_index/resource_index/package_run_dependencies/ds10_protocol
[2.780s] -- Installing: /home/nvidia/DS10_Modbus/install/ds10_protocol/share/ament_index/resource_index/parent_prefix_path/ds10_protocol
[2.780s] -- Installing: /home/nvidia/DS10_Modbus/install/ds10_protocol/share/ds10_protocol/environment/ament_prefix_path.sh
[2.780s] -- Installing: /home/nvidia/DS10_Modbus/install/ds10_protocol/share/ds10_protocol/environment/ament_prefix_path.dsv
[2.781s] -- Installing: /home/nvidia/DS10_Modbus/install/ds10_protocol/share/ds10_protocol/environment/path.sh
[2.781s] -- Installing: /home/nvidia/DS10_Modbus/install/ds10_protocol/share/ds10_protocol/environment/path.dsv
[2.781s] -- Installing: /home/nvidia/DS10_Modbus/install/ds10_protocol/share/ds10_protocol/local_setup.bash
[2.782s] -- Installing: /home/nvidia/DS10_Modbus/install/ds10_protocol/share/ds10_protocol/local_setup.sh
[2.782s] -- Installing: /home/nvidia/DS10_Modbus/install/ds10_protocol/share/ds10_protocol/local_setup.zsh
[2.783s] -- Installing: /home/nvidia/DS10_Modbus/install/ds10_protocol/share/ds10_protocol/local_setup.dsv
[2.783s] -- Installing: /home/nvidia/DS10_Modbus/install/ds10_protocol/share/ds10_protocol/package.dsv
[2.783s] -- Installing: /home/nvidia/DS10_Modbus/install/ds10_protocol/share/ament_index/resource_index/packages/ds10_protocol
[2.784s] -- Installing: /home/nvidia/DS10_Modbus/install/ds10_protocol/share/ds10_protocol/cmake/ament_cmake_export_include_directories-extras.cmake
[2.784s] -- Installing: /home/nvidia/DS10_Modbus/install/ds10_protocol/share/ds10_protocol/cmake/ament_cmake_export_libraries-extras.cmake
[2.784s] -- Installing: /home/nvidia/DS10_Modbus/install/ds10_protocol/share/ds10_protocol/cmake/ament_cmake_export_dependencies-extras.cmake
[2.785s] -- Installing: /home/nvidia/DS10_Modbus/install/ds10_protocol/share/ds10_protocol/cmake/ds10_protocolConfig.cmake
[2.785s] -- Installing: /home/nvidia/DS10_Modbus/install/ds10_protocol/share/ds10_protocol/cmake/ds10_protocolConfig-version.cmake
[2.785s] -- Installing: /home/nvidia/DS10_Modbus/install/ds10_protocol/share/ds10_protocol/package.xml
[2.787s] Invoked command in '/home/nvidia/DS10_Modbus/build/ds10_protocol' returned '0': AMENT_PREFIX_PATH=/home/nvidia/DS10_Modbus/install/ds10_interfaces:${AMENT_PREFIX_PATH} CMAKE_PREFIX_PATH=/home/nvidia/DS10_Modbus/install/ds10_interfaces:/opt/ros/humble LD_LIBRARY_PATH=/home/nvidia/DS10_Modbus/install/ds10_interfaces/lib:/opt/ros/humble/opt/rviz_ogre_vendor/lib:/opt/ros/humble/lib/aarch64-linux-gnu:/opt/ros/humble/lib:/usr/local/lib:/usr/local/cuda-12.6/lib64 PYTHONPATH=/home/nvidia/DS10_Modbus/install/ds10_interfaces/local/lib/python3.10/dist-packages:${PYTHONPATH} /usr/bin/cmake --install /home/nvidia/DS10_Modbus/build/ds10_protocol
